Component: ARM Compiler 5.06 update 6 (build 750) Tool: armlink [4d35ed]

==============================================================================

Section Cross References

    startup_stm32f103xb.o(RESET) refers to startup_stm32f103xb.o(STACK) for __initial_sp
    startup_stm32f103xb.o(RESET) refers to startup_stm32f103xb.o(.text) for Reset_Handler
    startup_stm32f103xb.o(RESET) refers to stm32f1xx_it.o(i.NMI_Handler) for NMI_Handler
    startup_stm32f103xb.o(RESET) refers to stm32f1xx_it.o(i.HardFault_Handler) for HardFault_Handler
    startup_stm32f103xb.o(RESET) refers to stm32f1xx_it.o(i.MemManage_Handler) for MemManage_Handler
    startup_stm32f103xb.o(RESET) refers to stm32f1xx_it.o(i.BusFault_Handler) for BusFault_Handler
    startup_stm32f103xb.o(RESET) refers to stm32f1xx_it.o(i.UsageFault_Handler) for UsageFault_Handler
    startup_stm32f103xb.o(RESET) refers to port.o(.emb_text) for SVC_Handler
    startup_stm32f103xb.o(RESET) refers to stm32f1xx_it.o(i.DebugMon_Handler) for DebugMon_Handler
    startup_stm32f103xb.o(RESET) refers to stm32f1xx_it.o(i.SysTick_Handler) for SysTick_Handler
    startup_stm32f103xb.o(RESET) refers to stm32f1xx_it.o(i.EXTI4_IRQHandler) for EXTI4_IRQHandler
    startup_stm32f103xb.o(RESET) refers to stm32f1xx_it.o(i.DMA1_Channel1_IRQHandler) for DMA1_Channel1_IRQHandler
    startup_stm32f103xb.o(RESET) refers to stm32f1xx_it.o(i.ADC1_2_IRQHandler) for ADC1_2_IRQHandler
    startup_stm32f103xb.o(RESET) refers to stm32f1xx_it.o(i.TIM3_IRQHandler) for TIM3_IRQHandler
    startup_stm32f103xb.o(RESET) refers to stm32f1xx_it.o(i.TIM4_IRQHandler) for TIM4_IRQHandler
    startup_stm32f103xb.o(.text) refers to system_stm32f1xx.o(i.SystemInit) for SystemInit
    startup_stm32f103xb.o(.text) refers to entry.o(.ARM.Collect$$$$00000000) for __main
    main.o(i.HAL_TIM_PeriodElapsedCallback) refers to stm32f1xx_hal.o(i.HAL_IncTick) for HAL_IncTick
    main.o(i.HAL_TIM_PeriodElapsedCallback) refers to printfa.o(i.__0printf) for __2printf
    main.o(i.HAL_TIM_PeriodElapsedCallback) refers to stm32f1xx_hal_gpio.o(i.HAL_GPIO_ReadPin) for HAL_GPIO_ReadPin
    main.o(i.HAL_TIM_PeriodElapsedCallback) refers to stm32f1xx_hal.o(i.HAL_GetTick) for HAL_GetTick
    main.o(i.HAL_TIM_PeriodElapsedCallback) refers to stm32f1xx_hal_tim.o(i.HAL_TIM_Base_Stop_IT) for HAL_TIM_Base_Stop_IT
    main.o(i.HAL_TIM_PeriodElapsedCallback) refers to tim.o(.bss) for htim3
    main.o(i.HAL_TIM_PeriodElapsedCallback) refers to main.o(.data) for .data
    main.o(i.HAL_TIM_PeriodElapsedCallback) refers to key.o(.data) for key_mode_flag
    main.o(i.SystemClock_Config) refers to memseta.o(.text) for __aeabi_memclr4
    main.o(i.SystemClock_Config) refers to stm32f1xx_hal_rcc.o(i.HAL_RCC_OscConfig) for HAL_RCC_OscConfig
    main.o(i.SystemClock_Config) refers to stm32f1xx_hal_rcc.o(i.HAL_RCC_ClockConfig) for HAL_RCC_ClockConfig
    main.o(i.SystemClock_Config) refers to stm32f1xx_hal_rcc_ex.o(i.HAL_RCCEx_PeriphCLKConfig) for HAL_RCCEx_PeriphCLKConfig
    main.o(i.main) refers to stm32f1xx_hal.o(i.HAL_Init) for HAL_Init
    main.o(i.main) refers to main.o(i.SystemClock_Config) for SystemClock_Config
    main.o(i.main) refers to gpio.o(i.MX_GPIO_Init) for MX_GPIO_Init
    main.o(i.main) refers to dma.o(i.MX_DMA_Init) for MX_DMA_Init
    main.o(i.main) refers to adc.o(i.MX_ADC1_Init) for MX_ADC1_Init
    main.o(i.main) refers to tim.o(i.MX_TIM3_Init) for MX_TIM3_Init
    main.o(i.main) refers to usart.o(i.MX_USART1_UART_Init) for MX_USART1_UART_Init
    main.o(i.main) refers to sys_init.o(i.sys_init) for sys_init
    main.o(i.main) refers to printfa.o(i.__0printf) for __2printf
    main.o(i.main) refers to freertos_start.o(i.freertos_start) for freertos_start
    gpio.o(i.MX_GPIO_Init) refers to stm32f1xx_hal_gpio.o(i.HAL_GPIO_WritePin) for HAL_GPIO_WritePin
    gpio.o(i.MX_GPIO_Init) refers to stm32f1xx_hal_gpio.o(i.HAL_GPIO_Init) for HAL_GPIO_Init
    gpio.o(i.MX_GPIO_Init) refers to stm32f1xx_hal_cortex.o(i.HAL_NVIC_SetPriority) for HAL_NVIC_SetPriority
    gpio.o(i.MX_GPIO_Init) refers to stm32f1xx_hal_cortex.o(i.HAL_NVIC_EnableIRQ) for HAL_NVIC_EnableIRQ
    adc.o(i.HAL_ADC_MspDeInit) refers to stm32f1xx_hal_gpio.o(i.HAL_GPIO_DeInit) for HAL_GPIO_DeInit
    adc.o(i.HAL_ADC_MspDeInit) refers to stm32f1xx_hal_dma.o(i.HAL_DMA_DeInit) for HAL_DMA_DeInit
    adc.o(i.HAL_ADC_MspDeInit) refers to stm32f1xx_hal_cortex.o(i.HAL_NVIC_DisableIRQ) for HAL_NVIC_DisableIRQ
    adc.o(i.HAL_ADC_MspInit) refers to stm32f1xx_hal_gpio.o(i.HAL_GPIO_Init) for HAL_GPIO_Init
    adc.o(i.HAL_ADC_MspInit) refers to stm32f1xx_hal_dma.o(i.HAL_DMA_Init) for HAL_DMA_Init
    adc.o(i.HAL_ADC_MspInit) refers to main.o(i.Error_Handler) for Error_Handler
    adc.o(i.HAL_ADC_MspInit) refers to stm32f1xx_hal_cortex.o(i.HAL_NVIC_SetPriority) for HAL_NVIC_SetPriority
    adc.o(i.HAL_ADC_MspInit) refers to stm32f1xx_hal_cortex.o(i.HAL_NVIC_EnableIRQ) for HAL_NVIC_EnableIRQ
    adc.o(i.HAL_ADC_MspInit) refers to adc.o(.bss) for .bss
[...]
    cdrcmple.s                               0x00000000   Number         0  cdrcmple.o ABSOLUTE
    dc.s                                     0x00000000   Number         0  dc.o ABSOLUTE
    handlers.s                               0x00000000   Number         0  handlers.o ABSOLUTE
    init.s                                   0x00000000   Number         0  init.o ABSOLUTE
    startup_stm32f103xb.s                    0x00000000   Number         0  startup_stm32f103xb.o ABSOLUTE
    RESET                                    0x08000000   Section      236  startup_stm32f103xb.o(RESET)
    .ARM.Collect$$$$00000000                 0x080000ec   Section        0  entry.o(.ARM.Collect$$$$00000000)
    .ARM.Collect$$$$00000001                 0x080000ec   Section        4  entry2.o(.ARM.Collect$$$$00000001)
    .ARM.Collect$$$$00000004                 0x080000f0   Section        4  entry5.o(.ARM.Collect$$$$00000004)
    .ARM.Collect$$$$00000008                 0x080000f4   Section        0  entry7b.o(.ARM.Collect$$$$00000008)
    .ARM.Collect$$$$0000000A                 0x080000f4   Section        0  entry8b.o(.ARM.Collect$$$$0000000A)
    .ARM.Collect$$$$0000000B                 0x080000f4   Section        8  entry9a.o(.ARM.Collect$$$$0000000B)
    .ARM.Collect$$$$0000000D                 0x080000fc   Section        0  entry10a.o(.ARM.Collect$$$$0000000D)
    .ARM.Collect$$$$0000000F                 0x080000fc   Section        0  entry11a.o(.ARM.Collect$$$$0000000F)
    .ARM.Collect$$$$00002712                 0x080000fc   Section        4  entry2.o(.ARM.Collect$$$$00002712)
    __lit__00000000                          0x080000fc   Data           4  entry2.o(.ARM.Collect$$$$00002712)
    .emb_text                                0x08000100   Section      150  port.o(.emb_text)
    .text                                    0x08000198   Section       36  startup_stm32f103xb.o(.text)
    .text                                    0x080001bc   Section        0  llushr.o(.text)
    .text                                    0x080001dc   Section        0  memseta.o(.text)
    .text                                    0x08000200   Section        0  fadd.o(.text)
    .text                                    0x080002b0   Section        0  fdiv.o(.text)
    .text                                    0x0800032c   Section        0  fscalb.o(.text)
    .text                                    0x08000344   Section        0  dadd.o(.text)
    .text                                    0x08000492   Section        0  dmul.o(.text)
    .text                                    0x08000576   Section        0  ddiv.o(.text)
    .text                                    0x08000654   Section        0  ffltui.o(.text)
    .text                                    0x0800065e   Section        0  f2d.o(.text)
    .text                                    0x08000684   Section        0  d2f.o(.text)
    .text                                    0x080006bc   Section        0  uidiv.o(.text)
    .text                                    0x080006e8   Section        0  uldiv.o(.text)
    .text                                    0x0800074a   Section        0  llshl.o(.text)
    .text                                    0x08000768   Section        0  llsshr.o(.text)
    .text                                    0x0800078c   Section        0  fepilogue.o(.text)
    .text                                    0x0800078c   Section        0  iusefp.o(.text)
    .text                                    0x080007fa   Section        0  depilogue.o(.text)
    .text                                    0x080008b4   Section        0  dscalb.o(.text)
    .text                                    0x080008e2   Section        0  dflti.o(.text)
    .text                                    0x08000904   Section        0  dfixul.o(.text)
    .text                                    0x08000934   Section       48  cdcmple.o(.text)
    .text                                    0x08000964   Section       48  cdrcmple.o(.text)
    .text                                    0x08000994   Section       36  init.o(.text)
    i.ADC1_2_IRQHandler                      0x080009b8   Section        0  stm32f1xx_it.o(i.ADC1_2_IRQHandler)
    i.ADC_ConversionStop_Disable             0x080009c4   Section        0  stm32f1xx_hal_adc.o(i.ADC_ConversionStop_Disable)
    i.ADC_DMAConvCplt                        0x08000a1a   Section        0  stm32f1xx_hal_adc.o(i.ADC_DMAConvCplt)
    i.ADC_DMAError                           0x08000a68   Section        0  stm32f1xx_hal_adc.o(i.ADC_DMAError)
    i.ADC_DMAHalfConvCplt                    0x08000a82   Section        0  stm32f1xx_hal_adc.o(i.ADC_DMAHalfConvCplt)
    i.ADC_Enable                             0x08000a8c   Section        0  stm32f1xx_hal_adc.o(i.ADC_Enable)
    i.BusFault_Handler                       0x08000b08   Section        0  stm32f1xx_it.o(i.BusFault_Handler)
    i.DMA1_Channel1_IRQHandler               0x08000b0c   Section        0  stm32f1xx_it.o(i.DMA1_Channel1_IRQHandler)
    i.DMA_SetConfig                          0x08000b18   Section        0  stm32f1xx_hal_dma.o(i.DMA_SetConfig)
    DMA_SetConfig                            0x08000b19   Thumb Code    42  stm32f1xx_hal_dma.o(i.DMA_SetConfig)
    i.DebugMon_Handler                       0x08000b42   Section        0  stm32f1xx_it.o(i.DebugMon_Handler)
    i.EXTI4_IRQHandler                       0x08000b44   Section        0  stm32f1xx_it.o(i.EXTI4_IRQHandler)
    i.Error_Handler                          0x08000b4a   Section        0  main.o(i.Error_Handler)
    i.HAL_ADCEx_Calibration_Start            0x08000b50   Section        0  stm32f1xx_hal_adc_ex.o(i.HAL_ADCEx_Calibration_Start)
    i.HAL_ADCEx_InjectedConvCpltCallback     0x08000c28   Section        0  stm32f1xx_hal_adc_ex.o(i.HAL_ADCEx_InjectedConvCpltCallback)
    i.HAL_ADC_ConfigChannel                  0x08000c2c   Section        0  stm32f1xx_hal_adc.o(i.HAL_ADC_ConfigChannel)
    i.HAL_ADC_ConvCpltCallback               0x08000d28   Section        0  adc_dection.o(i.HAL_ADC_ConvCpltCallback)
    i.HAL_ADC_ConvHalfCpltCallback           0x08000e50   Section        0  stm32f1xx_hal_adc.o(i.HAL_ADC_ConvHalfCpltCallback)
    i.HAL_ADC_ErrorCallback                  0x08000e52   Section        0  stm32f1xx_hal_adc.o(i.HAL_ADC_ErrorCallback)
    i.HAL_ADC_IRQHandler                     0x08000e54   Section        0  stm32f1xx_hal_adc.o(i.HAL_ADC_IRQHandler)
    i.HAL_ADC_Init                           0x08000f30   Section        0  stm32f1xx_hal_adc.o(i.HAL_ADC_Init)
    i.HAL_ADC_LevelOutOfWindowCallback       0x0800104c   Section        0  stm32f1xx_hal_adc.o(i.HAL_ADC_LevelOutOfWindowCallback)
    i.HAL_ADC_MspInit                        0x08001050   Section        0  adc.o(i.HAL_ADC_MspInit)
    i.HAL_ADC_Start_DMA                      0x080010ec   Section        0  stm32f1xx_hal_adc.o(i.HAL_ADC_Start_DMA)
    i.HAL_ADC_Stop_DMA                       0x080011f8   Section        0  stm32f1xx_hal_adc.o(i.HAL_ADC_Stop_DMA)
    i.HAL_DMA_Abort                          0x0800124e   Section        0  stm32f1xx_hal_dma.o(i.HAL_DMA_Abort)
    i.HAL_DMA_IRQHandler                     0x08001294   Section        0  stm32f1xx_hal_dma.o(i.HAL_DMA_IRQHandler)
    i.HAL_DMA_Init                           0x080013e8   Section        0  stm32f1xx_hal_dma.o(i.HAL_DMA_Init)
    i.HAL_DMA_Start_IT                       0x08001444   Section        0  stm32f1xx_hal_dma.o(i.HAL_DMA_Start_IT)
    i.HAL_GPIO_EXTI_Callback                 0x080014b4   Section        0  key.o(i.HAL_GPIO_EXTI_Callback)
    i.HAL_GPIO_EXTI_IRQHandler               0x080014e4   Section        0  stm32f1xx_hal_gpio.o(i.HAL_GPIO_EXTI_IRQHandler)
    i.HAL_GPIO_Init                          0x080014fc   Section        0  stm32f1xx_hal_gpio.o(i.HAL_GPIO_Init)
    i.HAL_GPIO_ReadPin                       0x080016dc   Section        0  stm32f1xx_hal_gpio.o(i.HAL_GPIO_ReadPin)
    i.HAL_GPIO_TogglePin                     0x080016e6   Section        0  stm32f1xx_hal_gpio.o(i.HAL_GPIO_TogglePin)
    i.HAL_GPIO_WritePin                      0x080016f6   Section        0  stm32f1xx_hal_gpio.o(i.HAL_GPIO_WritePin)
    i.HAL_GetTick                            0x08001700   Section        0  stm32f1xx_hal.o(i.HAL_GetTick)
    i.HAL_IncTick                            0x0800170c   Section        0  stm32f1xx_hal.o(i.HAL_IncTick)
    i.HAL_Init                               0x0800171c   Section        0  stm32f1xx_hal.o(i.HAL_Init)
    i.HAL_InitTick                           0x08001740   Section        0  stm32f1xx_hal_timebase_tim.o(i.HAL_InitTick)
    i.HAL_MspInit                            0x080017b4   Section        0  stm32f1xx_hal_msp.o(i.HAL_MspInit)
    i.HAL_NVIC_EnableIRQ                     0x080017f0   Section        0  stm32f1xx_hal_cortex.o(i.HAL_NVIC_EnableIRQ)
    i.HAL_NVIC_SetPriority                   0x0800180c   Section        0  stm32f1xx_hal_cortex.o(i.HAL_NVIC_SetPriority)
    i.HAL_NVIC_SetPriorityGrouping           0x0800184c   Section        0  stm32f1xx_hal_cortex.o(i.HAL_NVIC_SetPriorityGrouping)
    i.HAL_RCCEx_GetPeriphCLKFreq             0x08001870   Section        0  stm32f1xx_hal_rcc_ex.o(i.HAL_RCCEx_GetPeriphCLKFreq)
    i.HAL_RCCEx_PeriphCLKConfig              0x08001914   Section        0  stm32f1xx_hal_rcc_ex.o(i.HAL_RCCEx_PeriphCLKConfig)
    i.HAL_RCC_ClockConfig                    0x08001a00   Section        0  stm32f1xx_hal_rcc.o(i.HAL_RCC_ClockConfig)
    i.HAL_RCC_GetClockConfig                 0x08001b2c   Section        0  stm32f1xx_hal_rcc.o(i.HAL_RCC_GetClockConfig)
    i.HAL_RCC_GetPCLK1Freq                   0x08001b6c   Section        0  stm32f1xx_hal_rcc.o(i.HAL_RCC_GetPCLK1Freq)
    i.HAL_RCC_GetPCLK2Freq                   0x08001b8c   Section        0  stm32f1xx_hal_rcc.o(i.HAL_RCC_GetPCLK2Freq)
    i.HAL_RCC_GetSysClockFreq                0x08001bac   Section        0  stm32f1xx_hal_rcc.o(i.HAL_RCC_GetSysClockFreq)
    i.HAL_RCC_OscConfig                      0x08001bf8   Section        0  stm32f1xx_hal_rcc.o(i.HAL_RCC_OscConfig)
    i.HAL_TIMEx_BreakCallback                0x08001f18   Section        0  stm32f1xx_hal_tim_ex.o(i.HAL_TIMEx_BreakCallback)
    i.HAL_TIMEx_CommutCallback               0x08001f1a   Section        0  stm32f1xx_hal_tim_ex.o(i.HAL_TIMEx_CommutCallback)
    i.HAL_TIMEx_MasterConfigSynchronization  0x08001f1c   Section        0  stm32f1xx_hal_tim_ex.o(i.HAL_TIMEx_MasterConfigSynchronization)
    i.HAL_TIM_Base_Init                      0x08001f84   Section        0  stm32f1xx_hal_tim.o(i.HAL_TIM_Base_Init)
    i.HAL_TIM_Base_MspInit                   0x08001fe0   Section        0  tim.o(i.HAL_TIM_Base_MspInit)
    i.HAL_TIM_Base_Start_IT                  0x0800201c   Section        0  stm32f1xx_hal_tim.o(i.HAL_TIM_Base_Start_IT)
    i.HAL_TIM_Base_Stop_IT                   0x08002074   Section        0  stm32f1xx_hal_tim.o(i.HAL_TIM_Base_Stop_IT)
    i.HAL_TIM_ConfigClockSource              0x080020a4   Section        0  stm32f1xx_hal_tim.o(i.HAL_TIM_ConfigClockSource)
    i.HAL_TIM_IC_CaptureCallback             0x08002180   Section        0  stm32f1xx_hal_tim.o(i.HAL_TIM_IC_CaptureCallback)
    i.HAL_TIM_IRQHandler                     0x08002182   Section        0  stm32f1xx_hal_tim.o(i.HAL_TIM_IRQHandler)
    i.HAL_TIM_OC_DelayElapsedCallback        0x080022b2   Section        0  stm32f1xx_hal_tim.o(i.HAL_TIM_OC_DelayElapsedCallback)
    i.HAL_TIM_PWM_PulseFinishedCallback      0x080022b4   Section        0  stm32f1xx_hal_tim.o(i.HAL_TIM_PWM_PulseFinishedCallback)
    i.HAL_TIM_PeriodElapsedCallback          0x080022b8   Section        0  main.o(i.HAL_TIM_PeriodElapsedCallback)
    i.HAL_TIM_TriggerCallback                0x080023b8   Section        0  stm32f1xx_hal_tim.o(i.HAL_TIM_TriggerCallback)
    i.HAL_UART_Init                          0x080023ba   Section        0  stm32f1xx_hal_uart.o(i.HAL_UART_Init)
    i.HAL_UART_MspInit                       0x08002420   Section        0  usart.o(i.HAL_UART_MspInit)
    i.HAL_UART_Transmit                      0x08002490   Section        0  stm32f1xx_hal_uart.o(i.HAL_UART_Transmit)
    i.HardFault_Handler                      0x08002530   Section        0  stm32f1xx_it.o(i.HardFault_Handler)
    i.MX_ADC1_Init                           0x08002534   Section        0  adc.o(i.MX_ADC1_Init)
    i.MX_DMA_Init                            0x08002598   Section        0  dma.o(i.MX_DMA_Init)
    i.MX_GPIO_Init                           0x080025c4   Section        0  gpio.o(i.MX_GPIO_Init)
    i.MX_TIM3_Init                           0x0800265c   Section        0  tim.o(i.MX_TIM3_Init)
    i.MX_USART1_UART_Init                    0x080026c4   Section        0  usart.o(i.MX_USART1_UART_Init)
    i.MemManage_Handler                      0x080026fc   Section        0  stm32f1xx_it.o(i.MemManage_Handler)
    i.NMI_Handler                            0x080026fe   Section        0  stm32f1xx_it.o(i.NMI_Handler)
    i.SysTick_Handler                        0x08002700   Section        0  stm32f1xx_it.o(i.SysTick_Handler)
    i.SystemClock_Config                     0x08002714   Section        0  main.o(i.SystemClock_Config)
    i.SystemInit                             0x0800278c   Section        0  system_stm32f1xx.o(i.SystemInit)
    i.TIM3_IRQHandler                        0x08002790   Section        0  stm32f1xx_it.o(i.TIM3_IRQHandler)
    i.TIM4_IRQHandler                        0x0800279c   Section        0  stm32f1xx_it.o(i.TIM4_IRQHandler)
    i.TIM_Base_SetConfig                     0x080027a8   Section        0  stm32f1xx_hal_tim.o(i.TIM_Base_SetConfig)
    i.TIM_ETR_SetConfig                      0x08002820   Section        0  stm32f1xx_hal_tim.o(i.TIM_ETR_SetConfig)
    i.TIM_ITRx_SetConfig                     0x08002834   Section        0  stm32f1xx_hal_tim.o(i.TIM_ITRx_SetConfig)
    TIM_ITRx_SetConfig                       0x08002835   Thumb Code    16  stm32f1xx_hal_tim.o(i.TIM_ITRx_SetConfig)
    i.TIM_TI1_ConfigInputStage               0x08002844   Section        0  stm32f1xx_hal_tim.o(i.TIM_TI1_ConfigInputStage)
    TIM_TI1_ConfigInputStage                 0x08002845   Thumb Code    34  stm32f1xx_hal_tim.o(i.TIM_TI1_ConfigInputStage)
    i.TIM_TI2_ConfigInputStage               0x08002866   Section        0  stm32f1xx_hal_tim.o(i.TIM_TI2_ConfigInputStage)
    TIM_TI2_ConfigInputStage                 0x08002867   Thumb Code    36  stm32f1xx_hal_tim.o(i.TIM_TI2_ConfigInputStage)
    i.UART_EndRxTransfer                     0x0800288a   Section        0  stm32f1xx_hal_uart.o(i.UART_EndRxTransfer)
    UART_EndRxTransfer                       0x0800288b   Thumb Code    78  stm32f1xx_hal_uart.o(i.UART_EndRxTransfer)
    i.UART_SetConfig                         0x080028d8   Section        0  stm32f1xx_hal_uart.o(i.UART_SetConfig)
    UART_SetConfig                           0x080028d9   Thumb Code   178  stm32f1xx_hal_uart.o(i.UART_SetConfig)
    i.UART_WaitOnFlagUntilTimeout            0x08002990   Section        0  stm32f1xx_hal_uart.o(i.UART_WaitOnFlagUntilTimeout)
    UART_WaitOnFlagUntilTimeout              0x08002991   Thumb Code   114  stm32f1xx_hal_uart.o(i.UART_WaitOnFlagUntilTimeout)
    i.UsageFault_Handler                     0x08002a02   Section        0  stm32f1xx_it.o(i.UsageFault_Handler)
    i.__0printf                              0x08002a04   Section        0  printfa.o(i.__0printf)
    i.__NVIC_SetPriority                     0x08002a24   Section        0  stm32f1xx_hal_cortex.o(i.__NVIC_SetPriority)
    __NVIC_SetPriority                       0x08002a25   Thumb Code    32  stm32f1xx_hal_cortex.o(i.__NVIC_SetPriority)
    i.__kernel_poly                          0x08002a44   Section        0  poly.o(i.__kernel_poly)
    i.__mathlib_dbl_divzero                  0x08002af0   Section        0  dunder.o(i.__mathlib_dbl_divzero)
    i.__mathlib_dbl_infnan                   0x08002b00   Section        0  dunder.o(i.__mathlib_dbl_infnan)
    i.__mathlib_dbl_invalid                  0x08002b06   Section        0  dunder.o(i.__mathlib_dbl_invalid)
    i.__scatterload_copy                     0x08002b12   Section       14  handlers.o(i.__scatterload_copy)
    i.__scatterload_null                     0x08002b20   Section        2  handlers.o(i.__scatterload_null)
    i.__scatterload_zeroinit                 0x08002b22   Section       14  handlers.o(i.__scatterload_zeroinit)
    i.__set_errno                            0x08002b30   Section        0  errno.o(i.__set_errno)
    i._fp_digits                             0x08002b3c   Section        0  printfa.o(i._fp_digits)
    _fp_digits                               0x08002b3d   Thumb Code   366  printfa.o(i._fp_digits)
    i._printf_core                           0x08002cc0   Section        0  printfa.o(i._printf_core)
    _printf_core                             0x08002cc1   Thumb Code  1744  printfa.o(i._printf_core)
    i._printf_post_padding                   0x0800339c   Section        0  printfa.o(i._printf_post_padding)
    _printf_post_padding                     0x0800339d   Thumb Code    36  printfa.o(i._printf_post_padding)
    i._printf_pre_padding                    0x080033c0   Section        0  printfa.o(i._printf_pre_padding)
    _printf_pre_padding                      0x080033c1   Thumb Code    46  printfa.o(i._printf_pre_padding)
    i.adc                                    0x080033f0   Section        0  freertos_start.o(i.adc)
    i.adc_get_data                           0x0800347c   Section        0  adc_dection.o(i.adc_get_data)
    i.adc_init                               0x08003490   Section        0  adc_dection.o(i.adc_init)
    i.adc_start                              0x0800349c   Section        0  adc_dection.o(i.adc_start)
    i.em_temp_calculate                      0x080034bc   Section        0  adc_dection.o(i.em_temp_calculate)
    i.fputc                                  0x0800351c   Section        0  freertos_start.o(i.fputc)
    i.freertos_start                         0x08003534   Section        0  freertos_start.o(i.freertos_start)
    i.key_get_mode                           0x080035c4   Section        0  key.o(i.key_get_mode)
    i.key_init                               0x080035d0   Section        0  key.o(i.key_init)
    i.keyctl                                 0x080035dc   Section        0  freertos_start.o(i.keyctl)
    i.led_blink                              0x080035fc   Section        0  led.o(i.led_blink)
    i.led_get_state                          0x08003608   Section        0  led.o(i.led_get_state)
    i.led_init                               0x08003614   Section        0  led.o(i.led_init)
    i.led_off                                0x08003628   Section        0  led.o(i.led_off)
    i.led_on                                 0x08003638   Section        0  led.o(i.led_on)
    i.ledctl                                 0x08003648   Section        0  freertos_start.o(i.ledctl)
    i.log                                    0x080036a4   Section        0  log.o(i.log)
    i.main                                   0x08003a00   Section        0  main.o(i.main)
    i.prvAddCurrentTaskToDelayedList         0x08003a40   Section        0  tasks.o(i.prvAddCurrentTaskToDelayedList)
    prvAddCurrentTaskToDelayedList           0x08003a41   Thumb Code   128  tasks.o(i.prvAddCurrentTaskToDelayedList)
    i.prvAddNewTaskToReadyList               0x08003ac8   Section        0  tasks.o(i.prvAddNewTaskToReadyList)
    prvAddNewTaskToReadyList                 0x08003ac9   Thumb Code   226  tasks.o(i.prvAddNewTaskToReadyList)
    i.prvDeleteTCB                           0x08003bb8   Section        0  tasks.o(i.prvDeleteTCB)
    prvDeleteTCB                             0x08003bb9   Thumb Code    20  tasks.o(i.prvDeleteTCB)
    i.prvHeapInit                            0x08003bcc   Section        0  heap_4.o(i.prvHeapInit)
    prvHeapInit                              0x08003bcd   Thumb Code    60  heap_4.o(i.prvHeapInit)
    i.prvIdleTask                            0x08003c10   Section        0  tasks.o(i.prvIdleTask)
    prvIdleTask                              0x08003c11   Thumb Code    82  tasks.o(i.prvIdleTask)
    i.prvInitialiseNewTask                   0x08003c70   Section        0  tasks.o(i.prvInitialiseNewTask)
    prvInitialiseNewTask                     0x08003c71   Thumb Code   112  tasks.o(i.prvInitialiseNewTask)
    i.prvInsertBlockIntoFreeList             0x08003ce0   Section        0  heap_4.o(i.prvInsertBlockIntoFreeList)
    prvInsertBlockIntoFreeList               0x08003ce1   Thumb Code    72  heap_4.o(i.prvInsertBlockIntoFreeList)
    i.prvResetNextTaskUnblockTime            0x08003d2c   Section        0  tasks.o(i.prvResetNextTaskUnblockTime)
    prvResetNextTaskUnblockTime              0x08003d2d   Thumb Code    24  tasks.o(i.prvResetNextTaskUnblockTime)
    i.prvTaskExitError                       0x08003d48   Section        0  port.o(i.prvTaskExitError)
    prvTaskExitError                         0x08003d49   Thumb Code    16  port.o(i.prvTaskExitError)
    i.pvPortMalloc                           0x08003d58   Section        0  heap_4.o(i.pvPortMalloc)
    i.pxPortInitialiseStack                  0x08003df0   Section        0  port.o(i.pxPortInitialiseStack)
    i.start_task                             0x08003e14   Section        0  freertos_start.o(i.start_task)
    i.sys_init                               0x08003f08   Section        0  sys_init.o(i.sys_init)
    i.uxListRemove                           0x08003f1a   Section        0  list.o(i.uxListRemove)
    i.vListInitialise                        0x08003f40   Section        0  list.o(i.vListInitialise)
    i.vListInitialiseItem                    0x08003f56   Section        0  list.o(i.vListInitialiseItem)
    i.vListInsert                            0x08003f5c   Section        0  list.o(i.vListInsert)
    i.vListInsertEnd                         0x08003f8c   Section        0  list.o(i.vListInsertEnd)
    i.vPortEnterCritical                     0x08003fa4   Section        0  port.o(i.vPortEnterCritical)
    i.vPortExitCritical                      0x08003fc0   Section        0  port.o(i.vPortExitCritical)
    i.vPortFree                              0x08003fd4   Section        0  heap_4.o(i.vPortFree)
    i.vPortSetupTimerInterrupt               0x08004018   Section        0  port.o(i.vPortSetupTimerInterrupt)
    i.vTaskDelay                             0x08004030   Section        0  tasks.o(i.vTaskDelay)
    i.vTaskDelete                            0x08004060   Section        0  tasks.o(i.vTaskDelete)
    i.vTaskStartScheduler                    0x080040fc   Section        0  tasks.o(i.vTaskStartScheduler)
    i.vTaskSuspendAll                        0x0800414c   Section        0  tasks.o(i.vTaskSuspendAll)
    i.vTaskSwitchContext                     0x0800415c   Section        0  tasks.o(i.vTaskSwitchContext)
    i.xPortStartScheduler                    0x080041a0   Section        0  port.o(i.xPortStartScheduler)
    i.xPortSysTickHandler                    0x080041d0   Section        0  port.o(i.xPortSysTickHandler)
    i.xTaskCreate                            0x080041fc   Section        0  tasks.o(i.xTaskCreate)
    i.xTaskDelayUntil                        0x08004258   Section        0  tasks.o(i.xTaskDelayUntil)
    i.xTaskGetSchedulerState                 0x080042b0   Section        0  tasks.o(i.xTaskGetSchedulerState)
    i.xTaskGetTickCount                      0x080042cc   Section        0  tasks.o(i.xTaskGetTickCount)
    i.xTaskIncrementTick                     0x080042d8   Section        0  tasks.o(i.xTaskIncrementTick)
    i.xTaskResumeAll                         0x080043fc   Section        0  tasks.o(i.xTaskResumeAll)
    .constdata                               0x08004514   Section       18  stm32f1xx_hal_rcc.o(.constdata)
    aPredivFactorTable                       0x08004514   Data           2  stm32f1xx_hal_rcc.o(.constdata)
    aPLLMULFactorTable                       0x08004516   Data          16  stm32f1xx_hal_rcc.o(.constdata)
    .constdata                               0x08004526   Section       18  stm32f1xx_hal_rcc_ex.o(.constdata)
    aPredivFactorTable                       0x08004526   Data           2  stm32f1xx_hal_rcc_ex.o(.constdata)
    aPLLMULFactorTable                       0x08004528   Data          16  stm32f1xx_hal_rcc_ex.o(.constdata)
    .constdata                               0x08004538   Section       16  system_stm32f1xx.o(.constdata)
    .constdata                               0x08004548   Section        8  system_stm32f1xx.o(.constdata)
    .constdata                               0x08004550   Section       56  log.o(.constdata)
    Lg2                                      0x08004550   Data          24  log.o(.constdata)
    Lg                                       0x08004568   Data          32  log.o(.constdata)
    .constdata                               0x08004588   Section        8  qnan.o(.constdata)
    .data                                    0x20000000   Section        8  main.o(.data)
    .data                                    0x20000008   Section       12  stm32f1xx_hal.o(.data)
    .data                                    0x20000014   Section        4  system_stm32f1xx.o(.data)
    .data                                    0x20000018   Section       64  tasks.o(.data)
    uxDeletedTasksWaitingCleanUp             0x2000001c   Data           4  tasks.o(.data)
    uxCurrentNumberOfTasks                   0x20000020   Data           4  tasks.o(.data)
    xTickCount                               0x20000024   Data           4  tasks.o(.data)
    uxTopReadyPriority                       0x20000028   Data           4  tasks.o(.data)
    xSchedulerRunning                        0x2000002c   Data           4  tasks.o(.data)
    xPendedTicks                             0x20000030   Data           4  tasks.o(.data)
    xYieldPending                            0x20000034   Data           4  tasks.o(.data)
    xNumOfOverflows                          0x20000038   Data           4  tasks.o(.data)
    uxTaskNumber                             0x2000003c   Data           4  tasks.o(.data)
    xNextTaskUnblockTime                     0x20000040   Data           4  tasks.o(.data)
    xIdleTaskHandle                          0x20000044   Data           4  tasks.o(.data)
    uxSchedulerSuspended                     0x2000004c   Data           4  tasks.o(.data)
    pxDelayedTaskList                        0x20000050   Data           4  tasks.o(.data)
    pxOverflowDelayedTaskList                0x20000054   Data           4  tasks.o(.data)
    .data                                    0x20000058   Section        4  port.o(.data)
    uxCriticalNesting                        0x20000058   Data           4  port.o(.data)
    .data                                    0x2000005c   Section       28  heap_4.o(.data)
    pxEnd                                    0x2000005c   Data           4  heap_4.o(.data)
    xFreeBytesRemaining                      0x20000060   Data           4  heap_4.o(.data)
    xMinimumEverFreeBytesRemaining           0x20000064   Data           4  heap_4.o(.data)
    xNumberOfSuccessfulAllocations           0x20000068   Data           4  heap_4.o(.data)
    xNumberOfSuccessfulFrees                 0x2000006c   Data           4  heap_4.o(.data)
    xStart                                   0x20000070   Data           8  heap_4.o(.data)
    .data                                    0x20000078   Section        2  key.o(.data)
    .data                                    0x2000007a   Section        1  led.o(.data)
    led_state                                0x2000007a   Data           1  led.o(.data)
    .data                                    0x2000007c   Section       16  freertos_start.o(.data)
    .data                                    0x2000008c   Section       20  adc_dection.o(.data)
    .data                                    0x200000a0   Section        4  stdout.o(.data)
    .data                                    0x200000a4   Section        4  errno.o(.data)
    _errno                                   0x200000a4   Data           4  errno.o(.data)
    .bss                                     0x200000a8   Section      116  adc.o(.bss)
    .bss                                     0x2000011c   Section       72  tim.o(.bss)
    .bss                                     0x20000164   Section       72  usart.o(.bss)
    .bss                                     0x200001ac   Section       72  stm32f1xx_hal_timebase_tim.o(.bss)
    .bss                                     0x200001f4   Section      200  tasks.o(.bss)
    pxReadyTasksLists                        0x200001f4   Data         100  tasks.o(.bss)
    xDelayedTaskList1                        0x20000258   Data          20  tasks.o(.bss)
    xDelayedTaskList2                        0x2000026c   Data          20  tasks.o(.bss)
    xPendingReadyList                        0x20000280   Data          20  tasks.o(.bss)
    xTasksWaitingTermination                 0x20000294   Data          20  tasks.o(.bss)
    xSuspendedTaskList                       0x200002a8   Data          20  tasks.o(.bss)
    .bss                                     0x200002bc   Section    17408  heap_4.o(.bss)
    ucHeap                                   0x200002bc   Data       17408  heap_4.o(.bss)
    STACK                                    0x200046c0   Section     1024  startup_stm32f103xb.o(STACK)

    Global Symbols

    Symbol Name                              Value     Ov Type        Size  Object(Section)

    BuildAttributes$$THM_ISAv4$P$D$K$B$S$PE$A:L22UL41UL21$X:L11$S22US41US21$IEEE1$IW$USESV6$~STKCKD$USESV7$~SHL$OTIME$ROPI$IEEEX$EBA8$MICROLIB$REQ8$PRES8$EABIv2 0x00000000   Number         0  anon$$obj.o ABSOLUTE
    __ARM_use_no_argv                        0x00000000   Number         0  main.o ABSOLUTE
    _printf_a                                0x00000000   Number         0  stubs.o ABSOLUTE
    _printf_c                                0x00000000   Number         0  stubs.o ABSOLUTE
    _printf_charcount                        0x00000000   Number         0  stubs.o ABSOLUTE
    _printf_d                                0x00000000   Number         0  stubs.o ABSOLUTE
    _printf_e                                0x00000000   Number         0  stubs.o ABSOLUTE
    _printf_f                                0x00000000   Number         0  stubs.o ABSOLUTE
    _printf_flags                            0x00000000   Number         0  stubs.o ABSOLUTE
    _printf_fp_dec                           0x00000000   Number         0  stubs.o ABSOLUTE
    _printf_fp_hex                           0x00000000   Number         0  stubs.o ABSOLUTE
    _printf_g                                0x00000000   Number         0  stubs.o ABSOLUTE
    _printf_i                                0x00000000   Number         0  stubs.o ABSOLUTE
    _printf_int_dec                          0x00000000   Number         0  stubs.o ABSOLUTE
    _printf_l                                0x00000000   Number         0  stubs.o ABSOLUTE
    _printf_lc                               0x00000000   Number         0  stubs.o ABSOLUTE
    _printf_ll                               0x00000000   Number         0  stubs.o ABSOLUTE
    _printf_lld                              0x00000000   Number         0  stubs.o ABSOLUTE
    _printf_lli                              0x00000000   Number         0  stubs.o ABSOLUTE
    _printf_llo                              0x00000000   Number         0  stubs.o ABSOLUTE
    _printf_llu                              0x00000000   Number         0  stubs.o ABSOLUTE
    _printf_llx                              0x00000000   Number         0  stubs.o ABSOLUTE
    _printf_longlong_dec                     0x00000000   Number         0  stubs.o ABSOLUTE
    _printf_longlong_hex                     0x00000000   Number         0  stubs.o ABSOLUTE
    _printf_longlong_oct                     0x00000000   Number         0  stubs.o ABSOLUTE
    _printf_ls                               0x00000000   Number         0  stubs.o ABSOLUTE
    _printf_mbtowc                           0x00000000   Number         0  stubs.o ABSOLUTE
    _printf_n                                0x00000000   Number         0  stubs.o ABSOLUTE
    _printf_o                                0x00000000   Number         0  stubs.o ABSOLUTE
    _printf_p                                0x00000000   Number         0  stubs.o ABSOLUTE
    _printf_percent                          0x00000000   Number         0  stubs.o ABSOLUTE
    _printf_pre_padding                      0x00000000   Number         0  stubs.o ABSOLUTE
    _printf_return_value                     0x00000000   Number         0  stubs.o ABSOLUTE
    _printf_s                                0x00000000   Number         0  stubs.o ABSOLUTE
    _printf_sizespec                         0x00000000   Number         0  stubs.o ABSOLUTE
    _printf_str                              0x00000000   Number         0  stubs.o ABSOLUTE
    _printf_truncate_signed                  0x00000000   Number         0  stubs.o ABSOLUTE
    _printf_truncate_unsigned                0x00000000   Number         0  stubs.o ABSOLUTE
    _printf_u                                0x00000000   Number         0  stubs.o ABSOLUTE
    _printf_wc                               0x00000000   Number         0  stubs.o ABSOLUTE
    _printf_wctomb                           0x00000000   Number         0  stubs.o ABSOLUTE
    _printf_widthprec                        0x00000000   Number         0  stubs.o ABSOLUTE
    _printf_x                                0x00000000   Number         0  stubs.o ABSOLUTE
    __cpp_initialize__aeabi_                  - Undefined Weak Reference
    __cxa_finalize                            - Undefined Weak Reference
    __decompress                              - Undefined Weak Reference
    _clock_init                               - Undefined Weak Reference
    _microlib_exit                            - Undefined Weak Reference
    __Vectors_Size                           0x000000ec   Number         0  startup_stm32f103xb.o ABSOLUTE
    __Vectors                                0x08000000   Data           4  startup_stm32f103xb.o(RESET)
    __Vectors_End                            0x080000ec   Data           0  startup_stm32f103xb.o(RESET)
    __main                                   0x080000ed   Thumb Code     0  entry.o(.ARM.Collect$$$$00000000)
    _main_stk                                0x080000ed   Thumb Code     0  entry2.o(.ARM.Collect$$$$00000001)
    _main_scatterload                        0x080000f1   Thumb Code     0  entry5.o(.ARM.Collect$$$$00000004)
    __main_after_scatterload                 0x080000f5   Thumb Code     0  entry5.o(.ARM.Collect$$$$00000004)
    _main_clock                              0x080000f5   Thumb Code     0  entry7b.o(.ARM.Collect$$$$00000008)
    _main_cpp_init                           0x080000f5   Thumb Code     0  entry8b.o(.ARM.Collect$$$$0000000A)
    _main_init                               0x080000f5   Thumb Code     0  entry9a.o(.ARM.Collect$$$$0000000B)
    __rt_final_cpp                           0x080000fd   Thumb Code     0  entry10a.o(.ARM.Collect$$$$0000000D)
    __rt_final_exit                          0x080000fd   Thumb Code     0  entry11a.o(.ARM.Collect$$$$0000000F)
    SVC_Handler                              0x08000101   Thumb Code    32  port.o(.emb_text)
    __asm___6_port_c_39a90d8d__prvStartFirstTask 0x08000125   Thumb Code    28  port.o(.emb_text)
    PendSV_Handler                           0x08000145   Thumb Code    72  port.o(.emb_text)
    vPortGetIPSR                             0x08000191   Thumb Code     6  port.o(.emb_text)
    Reset_Handler                            0x08000199   Thumb Code     8  startup_stm32f103xb.o(.text)
    CAN1_RX1_IRQHandler                      0x080001b3   Thumb Code     0  startup_stm32f103xb.o(.text)
    CAN1_SCE_IRQHandler                      0x080001b3   Thumb Code     0  startup_stm32f103xb.o(.text)
    DMA1_Channel2_IRQHandler                 0x080001b3   Thumb Code     0  startup_stm32f103xb.o(.text)
    DMA1_Channel3_IRQHandler                 0x080001b3   Thumb Code     0  startup_stm32f103xb.o(.text)
    DMA1_Channel4_IRQHandler                 0x080001b3   Thumb Code     0  startup_stm32f103xb.o(.text)
    DMA1_Channel5_IRQHandler                 0x080001b3   Thumb Code     0  startup_stm32f103xb.o(.text)
    DMA1_Channel6_IRQHandler                 0x080001b3   Thumb Code     0  startup_stm32f103xb.o(.text)
    DMA1_Channel7_IRQHandler                 0x080001b3   Thumb Code     0  startup_stm32f103xb.o(.text)
    EXTI0_IRQHandler                         0x080001b3   Thumb Code     0  startup_stm32f103xb.o(.text)
    EXTI15_10_IRQHandler                     0x080001b3   Thumb Code     0  startup_stm32f103xb.o(.text)
    EXTI1_IRQHandler                         0x080001b3   Thumb Code     0  startup_stm32f103xb.o(.text)
    EXTI2_IRQHandler                         0x080001b3   Thumb Code     0  startup_stm32f103xb.o(.text)
    EXTI3_IRQHandler                         0x080001b3   Thumb Code     0  startup_stm32f103xb.o(.text)
    EXTI9_5_IRQHandler                       0x080001b3   Thumb Code     0  startup_stm32f103xb.o(.text)
    FLASH_IRQHandler                         0x080001b3   Thumb Code     0  startup_stm32f103xb.o(.text)
    I2C1_ER_IRQHandler                       0x080001b3   Thumb Code     0  startup_stm32f103xb.o(.text)
    I2C1_EV_IRQHandler                       0x080001b3   Thumb Code     0  startup_stm32f103xb.o(.text)
    I2C2_ER_IRQHandler                       0x080001b3   Thumb Code     0  startup_stm32f103xb.o(.text)
    I2C2_EV_IRQHandler                       0x080001b3   Thumb Code     0  startup_stm32f103xb.o(.text)
    PVD_IRQHandler                           0x080001b3   Thumb Code     0  startup_stm32f103xb.o(.text)
    RCC_IRQHandler                           0x080001b3   Thumb Code     0  startup_stm32f103xb.o(.text)
    RTC_Alarm_IRQHandler                     0x080001b3   Thumb Code     0  startup_stm32f103xb.o(.text)
    RTC_IRQHandler                           0x080001b3   Thumb Code     0  startup_stm32f103xb.o(.text)
    SPI1_IRQHandler                          0x080001b3   Thumb Code     0  startup_stm32f103xb.o(.text)
    SPI2_IRQHandler                          0x080001b3   Thumb Code     0  startup_stm32f103xb.o(.text)
    TAMPER_IRQHandler                        0x080001b3   Thumb Code     0  startup_stm32f103xb.o(.text)
    TIM1_BRK_IRQHandler                      0x080001b3   Thumb Code     0  startup_stm32f103xb.o(.text)
    TIM1_CC_IRQHandler                       0x080001b3   Thumb Code     0  startup_stm32f103xb.o(.text)
    TIM1_TRG_COM_IRQHandler                  0x080001b3   Thumb Code     0  startup_stm32f103xb.o(.text)
    TIM1_UP_IRQHandler                       0x080001b3   Thumb Code     0  startup_stm32f103xb.o(.text)
    TIM2_IRQHandler                          0x080001b3   Thumb Code     0  startup_stm32f103xb.o(.text)
    USART1_IRQHandler                        0x080001b3   Thumb Code     0  startup_stm32f103xb.o(.text)
    USART2_IRQHandler                        0x080001b3   Thumb Code     0  startup_stm32f103xb.o(.text)
    USART3_IRQHandler                        0x080001b3   Thumb Code     0  startup_stm32f103xb.o(.text)
    USBWakeUp_IRQHandler                     0x080001b3   Thumb Code     0  startup_stm32f103xb.o(.text)
    USB_HP_CAN1_TX_IRQHandler                0x080001b3   Thumb Code     0  startup_stm32f103xb.o(.text)
    USB_LP_CAN1_RX0_IRQHandler               0x080001b3   Thumb Code     0  startup_stm32f103xb.o(.text)
    WWDG_IRQHandler                          0x080001b3   Thumb Code     0  startup_stm32f103xb.o(.text)
    __aeabi_llsr                             0x080001bd   Thumb Code    32  llushr.o(.text)
    _ll_ushift_r                             0x080001bd   Thumb Code     0  llushr.o(.text)
    __aeabi_memset                           0x080001dd   Thumb Code    14  memseta.o(.text)
    __aeabi_memset4                          0x080001dd   Thumb Code     0  memseta.o(.text)
    __aeabi_memset8                          0x080001dd   Thumb Code     0  memseta.o(.text)
    __aeabi_memclr                           0x080001eb   Thumb Code     4  memseta.o(.text)
    __aeabi_memclr4                          0x080001eb   Thumb Code     0  memseta.o(.text)
    __aeabi_memclr8                          0x080001eb   Thumb Code     0  memseta.o(.text)
    _memset$wrapper                          0x080001ef   Thumb Code    18  memseta.o(.text)
    __aeabi_fadd                             0x08000201   Thumb Code   164  fadd.o(.text)
    __aeabi_fsub                             0x080002a5   Thumb Code     6  fadd.o(.text)
    __aeabi_frsub                            0x080002ab   Thumb Code     6  fadd.o(.text)
    __aeabi_fdiv                             0x080002b1   Thumb Code   124  fdiv.o(.text)
    __ARM_scalbnf                            0x0800032d   Thumb Code    24  fscalb.o(.text)
    scalbnf                                  0x0800032d   Thumb Code     0  fscalb.o(.text)
    __aeabi_dadd                             0x08000345   Thumb Code   322  dadd.o(.text)
    __aeabi_dsub                             0x08000487   Thumb Code     6  dadd.o(.text)
    __aeabi_drsub                            0x0800048d   Thumb Code     6  dadd.o(.text)
    __aeabi_dmul                             0x08000493   Thumb Code   228  dmul.o(.text)
    __aeabi_ddiv                             0x08000577   Thumb Code   222  ddiv.o(.text)
    __aeabi_ui2f                             0x08000655   Thumb Code    10  ffltui.o(.text)
    __aeabi_f2d                              0x0800065f   Thumb Code    38  f2d.o(.text)
    __aeabi_d2f                              0x08000685   Thumb Code    56  d2f.o(.text)
    __aeabi_uidiv                            0x080006bd   Thumb Code     0  uidiv.o(.text)
    __aeabi_uidivmod                         0x080006bd   Thumb Code    44  uidiv.o(.text)
    __aeabi_uldivmod                         0x080006e9   Thumb Code    98  uldiv.o(.text)
    __aeabi_llsl                             0x0800074b   Thumb Code    30  llshl.o(.text)
    _ll_shift_l                              0x0800074b   Thumb Code     0  llshl.o(.text)
    __aeabi_lasr                             0x08000769   Thumb Code    36  llsshr.o(.text)
    _ll_sshift_r                             0x08000769   Thumb Code     0  llsshr.o(.text)
    __I$use$fp                               0x0800078d   Thumb Code     0  iusefp.o(.text)
    _float_round                             0x0800078d   Thumb Code    18  fepilogue.o(.text)
    _float_epilogue                          0x0800079f   Thumb Code    92  fepilogue.o(.text)
    _double_round                            0x080007fb   Thumb Code    30  depilogue.o(.text)
    _double_epilogue                         0x08000819   Thumb Code   156  depilogue.o(.text)
    __ARM_scalbn                             0x080008b5   Thumb Code    46  dscalb.o(.text)
    scalbn                                   0x080008b5   Thumb Code     0  dscalb.o(.text)
    __aeabi_i2d                              0x080008e3   Thumb Code    34  dflti.o(.text)
    __aeabi_d2ulz                            0x08000905   Thumb Code    48  dfixul.o(.text)
    __aeabi_cdcmpeq                          0x08000935   Thumb Code     0  cdcmple.o(.text)
    __aeabi_cdcmple                          0x08000935   Thumb Code    48  cdcmple.o(.text)
    __aeabi_cdrcmple                         0x08000965   Thumb Code    48  cdrcmple.o(.text)
    __scatterload                            0x08000995   Thumb Code    28  init.o(.text)
    __scatterload_rt2                        0x08000995   Thumb Code     0  init.o(.text)
    ADC1_2_IRQHandler                        0x080009b9   Thumb Code     6  stm32f1xx_it.o(i.ADC1_2_IRQHandler)
    ADC_ConversionStop_Disable               0x080009c5   Thumb Code    86  stm32f1xx_hal_adc.o(i.ADC_ConversionStop_Disable)
    ADC_DMAConvCplt                          0x08000a1b   Thumb Code    78  stm32f1xx_hal_adc.o(i.ADC_DMAConvCplt)
    ADC_DMAError                             0x08000a69   Thumb Code    26  stm32f1xx_hal_adc.o(i.ADC_DMAError)
    ADC_DMAHalfConvCplt                      0x08000a83   Thumb Code    10  stm32f1xx_hal_adc.o(i.ADC_DMAHalfConvCplt)
    ADC_Enable                               0x08000a8d   Thumb Code   114  stm32f1xx_hal_adc.o(i.ADC_Enable)
    BusFault_Handler                         0x08000b09   Thumb Code     2  stm32f1xx_it.o(i.BusFault_Handler)
    DMA1_Channel1_IRQHandler                 0x08000b0d   Thumb Code     6  stm32f1xx_it.o(i.DMA1_Channel1_IRQHandler)
    DebugMon_Handler                         0x08000b43   Thumb Code     2  stm32f1xx_it.o(i.DebugMon_Handler)
    EXTI4_IRQHandler                         0x08000b45   Thumb Code     6  stm32f1xx_it.o(i.EXTI4_IRQHandler)
    Error_Handler                            0x08000b4b   Thumb Code     4  main.o(i.Error_Handler)
    HAL_ADCEx_Calibration_Start              0x08000b51   Thumb Code   210  stm32f1xx_hal_adc_ex.o(i.HAL_ADCEx_Calibration_Start)
    HAL_ADCEx_InjectedConvCpltCallback       0x08000c29   Thumb Code     2  stm32f1xx_hal_adc_ex.o(i.HAL_ADCEx_InjectedConvCpltCallback)
    HAL_ADC_ConfigChannel                    0x08000c2d   Thumb Code   240  stm32f1xx_hal_adc.o(i.HAL_ADC_ConfigChannel)
    HAL_ADC_ConvCpltCallback                 0x08000d29   Thumb Code   260  adc_dection.o(i.HAL_ADC_ConvCpltCallback)
    HAL_ADC_ConvHalfCpltCallback             0x08000e51   Thumb Code     2  stm32f1xx_hal_adc.o(i.HAL_ADC_ConvHalfCpltCallback)
    HAL_ADC_ErrorCallback                    0x08000e53   Thumb Code     2  stm32f1xx_hal_adc.o(i.HAL_ADC_ErrorCallback)
    HAL_ADC_IRQHandler                       0x08000e55   Thumb Code   220  stm32f1xx_hal_adc.o(i.HAL_ADC_IRQHandler)
    HAL_ADC_Init                             0x08000f31   Thumb Code   272  stm32f1xx_hal_adc.o(i.HAL_ADC_Init)
    HAL_ADC_LevelOutOfWindowCallback         0x0800104d   Thumb Code     2  stm32f1xx_hal_adc.o(i.HAL_ADC_LevelOutOfWindowCallback)
    HAL_ADC_MspInit                          0x08001051   Thumb Code   136  adc.o(i.HAL_ADC_MspInit)
    HAL_ADC_Start_DMA                        0x080010ed   Thumb Code   246  stm32f1xx_hal_adc.o(i.HAL_ADC_Start_DMA)
    HAL_ADC_Stop_DMA                         0x080011f9   Thumb Code    86  stm32f1xx_hal_adc.o(i.HAL_ADC_Stop_DMA)
    HAL_DMA_Abort                            0x0800124f   Thumb Code    70  stm32f1xx_hal_dma.o(i.HAL_DMA_Abort)
    HAL_DMA_IRQHandler                       0x08001295   Thumb Code   316  stm32f1xx_hal_dma.o(i.HAL_DMA_IRQHandler)
    HAL_DMA_Init                             0x080013e9   Thumb Code    84  stm32f1xx_hal_dma.o(i.HAL_DMA_Init)
    HAL_DMA_Start_IT                         0x08001445   Thumb Code   112  stm32f1xx_hal_dma.o(i.HAL_DMA_Start_IT)
    HAL_GPIO_EXTI_Callback                   0x080014b5   Thumb Code    34  key.o(i.HAL_GPIO_EXTI_Callback)
    HAL_GPIO_EXTI_IRQHandler                 0x080014e5   Thumb Code    18  stm32f1xx_hal_gpio.o(i.HAL_GPIO_EXTI_IRQHandler)
    HAL_GPIO_Init                            0x080014fd   Thumb Code   446  stm32f1xx_hal_gpio.o(i.HAL_GPIO_Init)
    HAL_GPIO_ReadPin                         0x080016dd   Thumb Code    10  stm32f1xx_hal_gpio.o(i.HAL_GPIO_ReadPin)
    HAL_GPIO_TogglePin                       0x080016e7   Thumb Code    16  stm32f1xx_hal_gpio.o(i.HAL_GPIO_TogglePin)
    HAL_GPIO_WritePin                        0x080016f7   Thumb Code    10  stm32f1xx_hal_gpio.o(i.HAL_GPIO_WritePin)
    HAL_GetTick                              0x08001701   Thumb Code     6  stm32f1xx_hal.o(i.HAL_GetTick)
    HAL_IncTick                              0x0800170d   Thumb Code    12  stm32f1xx_hal.o(i.HAL_IncTick)
    HAL_Init                                 0x0800171d   Thumb Code    32  stm32f1xx_hal.o(i.HAL_Init)
    HAL_InitTick                             0x08001741   Thumb Code   100  stm32f1xx_hal_timebase_tim.o(i.HAL_InitTick)
    HAL_MspInit                              0x080017b5   Thumb Code    52  stm32f1xx_hal_msp.o(i.HAL_MspInit)
    HAL_NVIC_EnableIRQ                       0x080017f1   Thumb Code    26  stm32f1xx_hal_cortex.o(i.HAL_NVIC_EnableIRQ)
    HAL_NVIC_SetPriority                     0x0800180d   Thumb Code    60  stm32f1xx_hal_cortex.o(i.HAL_NVIC_SetPriority)
    HAL_NVIC_SetPriorityGrouping             0x0800184d   Thumb Code    26  stm32f1xx_hal_cortex.o(i.HAL_NVIC_SetPriorityGrouping)
    HAL_RCCEx_GetPeriphCLKFreq               0x08001871   Thumb Code   148  stm32f1xx_hal_rcc_ex.o(i.HAL_RCCEx_GetPeriphCLKFreq)
    HAL_RCCEx_PeriphCLKConfig                0x08001915   Thumb Code   224  stm32f1xx_hal_rcc_ex.o(i.HAL_RCCEx_PeriphCLKConfig)
    HAL_RCC_ClockConfig                      0x08001a01   Thumb Code   280  stm32f1xx_hal_rcc.o(i.HAL_RCC_ClockConfig)
    HAL_RCC_GetClockConfig                   0x08001b2d   Thumb Code    54  stm32f1xx_hal_rcc.o(i.HAL_RCC_GetClockConfig)
    HAL_RCC_GetPCLK1Freq                     0x08001b6d   Thumb Code    20  stm32f1xx_hal_rcc.o(i.HAL_RCC_GetPCLK1Freq)
    HAL_RCC_GetPCLK2Freq                     0x08001b8d   Thumb Code    20  stm32f1xx_hal_rcc.o(i.HAL_RCC_GetPCLK2Freq)
    HAL_RCC_GetSysClockFreq                  0x08001bad   Thumb Code    58  stm32f1xx_hal_rcc.o(i.HAL_RCC_GetSysClockFreq)
    HAL_RCC_OscConfig                        0x08001bf9   Thumb Code   778  stm32f1xx_hal_rcc.o(i.HAL_RCC_OscConfig)
    HAL_TIMEx_BreakCallback                  0x08001f19   Thumb Code     2  stm32f1xx_hal_tim_ex.o(i.HAL_TIMEx_BreakCallback)
    HAL_TIMEx_CommutCallback                 0x08001f1b   Thumb Code     2  stm32f1xx_hal_tim_ex.o(i.HAL_TIMEx_CommutCallback)
    HAL_TIMEx_MasterConfigSynchronization    0x08001f1d   Thumb Code    92  stm32f1xx_hal_tim_ex.o(i.HAL_TIMEx_MasterConfigSynchronization)
    HAL_TIM_Base_Init                        0x08001f85   Thumb Code    90  stm32f1xx_hal_tim.o(i.HAL_TIM_Base_Init)
    HAL_TIM_Base_MspInit                     0x08001fe1   Thumb Code    50  tim.o(i.HAL_TIM_Base_MspInit)
    HAL_TIM_Base_Start_IT                    0x0800201d   Thumb Code    76  stm32f1xx_hal_tim.o(i.HAL_TIM_Base_Start_IT)
    HAL_TIM_Base_Stop_IT                     0x08002075   Thumb Code    48  stm32f1xx_hal_tim.o(i.HAL_TIM_Base_Stop_IT)
    HAL_TIM_ConfigClockSource                0x080020a5   Thumb Code   220  stm32f1xx_hal_tim.o(i.HAL_TIM_ConfigClockSource)
    HAL_TIM_IC_CaptureCallback               0x08002181   Thumb Code     2  stm32f1xx_hal_tim.o(i.HAL_TIM_IC_CaptureCallback)
    HAL_TIM_IRQHandler                       0x08002183   Thumb Code   304  stm32f1xx_hal_tim.o(i.HAL_TIM_IRQHandler)
    HAL_TIM_OC_DelayElapsedCallback          0x080022b3   Thumb Code     2  stm32f1xx_hal_tim.o(i.HAL_TIM_OC_DelayElapsedCallback)
    HAL_TIM_PWM_PulseFinishedCallback        0x080022b5   Thumb Code     2  stm32f1xx_hal_tim.o(i.HAL_TIM_PWM_PulseFinishedCallback)
    HAL_TIM_PeriodElapsedCallback            0x080022b9   Thumb Code   170  main.o(i.HAL_TIM_PeriodElapsedCallback)
    HAL_TIM_TriggerCallback                  0x080023b9   Thumb Code     2  stm32f1xx_hal_tim.o(i.HAL_TIM_TriggerCallback)
    HAL_UART_Init                            0x080023bb   Thumb Code   100  stm32f1xx_hal_uart.o(i.HAL_UART_Init)
    HAL_UART_MspInit                         0x08002421   Thumb Code   100  usart.o(i.HAL_UART_MspInit)
    HAL_UART_Transmit                        0x08002491   Thumb Code   160  stm32f1xx_hal_uart.o(i.HAL_UART_Transmit)
    HardFault_Handler                        0x08002531   Thumb Code     2  stm32f1xx_it.o(i.HardFault_Handler)
    MX_ADC1_Init                             0x08002535   Thumb Code    92  adc.o(i.MX_ADC1_Init)
    MX_DMA_Init                              0x08002599   Thumb Code    40  dma.o(i.MX_DMA_Init)
    MX_GPIO_Init                             0x080025c5   Thumb Code   134  gpio.o(i.MX_GPIO_Init)
    MX_TIM3_Init                             0x0800265d   Thumb Code    96  tim.o(i.MX_TIM3_Init)
    MX_USART1_UART_Init                      0x080026c5   Thumb Code    48  usart.o(i.MX_USART1_UART_Init)
    MemManage_Handler                        0x080026fd   Thumb Code     2  stm32f1xx_it.o(i.MemManage_Handler)
    NMI_Handler                              0x080026ff   Thumb Code     2  stm32f1xx_it.o(i.NMI_Handler)
    SysTick_Handler                          0x08002701   Thumb Code    20  stm32f1xx_it.o(i.SysTick_Handler)
    SystemClock_Config                       0x08002715   Thumb Code   120  main.o(i.SystemClock_Config)
    SystemInit                               0x0800278d   Thumb Code     2  system_stm32f1xx.o(i.SystemInit)
    TIM3_IRQHandler                          0x08002791   Thumb Code     6  stm32f1xx_it.o(i.TIM3_IRQHandler)
    TIM4_IRQHandler                          0x0800279d   Thumb Code     6  stm32f1xx_it.o(i.TIM4_IRQHandler)
    TIM_Base_SetConfig                       0x080027a9   Thumb Code   108  stm32f1xx_hal_tim.o(i.TIM_Base_SetConfig)
    TIM_ETR_SetConfig                        0x08002821   Thumb Code    20  stm32f1xx_hal_tim.o(i.TIM_ETR_SetConfig)
    UsageFault_Handler                       0x08002a03   Thumb Code     2  stm32f1xx_it.o(i.UsageFault_Handler)
    __0printf                                0x08002a05   Thumb Code    22  printfa.o(i.__0printf)
    __1printf                                0x08002a05   Thumb Code     0  printfa.o(i.__0printf)
    __2printf                                0x08002a05   Thumb Code     0  printfa.o(i.__0printf)
    __c89printf                              0x08002a05   Thumb Code     0  printfa.o(i.__0printf)
    printf                                   0x08002a05   Thumb Code     0  printfa.o(i.__0printf)
    __kernel_poly                            0x08002a45   Thumb Code   170  poly.o(i.__kernel_poly)
    __mathlib_dbl_divzero                    0x08002af1   Thumb Code    12  dunder.o(i.__mathlib_dbl_divzero)
    __mathlib_dbl_infnan                     0x08002b01   Thumb Code     6  dunder.o(i.__mathlib_dbl_infnan)
    __mathlib_dbl_invalid                    0x08002b07   Thumb Code    12  dunder.o(i.__mathlib_dbl_invalid)
    __scatterload_copy                       0x08002b13   Thumb Code    14  handlers.o(i.__scatterload_copy)
    __scatterload_null                       0x08002b21   Thumb Code     2  handlers.o(i.__scatterload_null)
    __scatterload_zeroinit                   0x08002b23   Thumb Code    14  handlers.o(i.__scatterload_zeroinit)
    __set_errno                              0x08002b31   Thumb Code     6  errno.o(i.__set_errno)
    adc                                      0x080033f1   Thumb Code    90  freertos_start.o(i.adc)
    adc_get_data                             0x0800347d   Thumb Code    14  adc_dection.o(i.adc_get_data)
    adc_init                                 0x08003491   Thumb Code     6  adc_dection.o(i.adc_init)
    adc_start                                0x0800349d   Thumb Code    22  adc_dection.o(i.adc_start)
    em_temp_calculate                        0x080034bd   Thumb Code    72  adc_dection.o(i.em_temp_calculate)
    fputc                                    0x0800351d   Thumb Code    18  freertos_start.o(i.fputc)
    freertos_start                           0x08003535   Thumb Code    54  freertos_start.o(i.freertos_start)
    key_get_mode                             0x080035c5   Thumb Code     6  key.o(i.key_get_mode)
    key_init                                 0x080035d1   Thumb Code     8  key.o(i.key_init)
    keyctl                                   0x080035dd   Thumb Code    30  freertos_start.o(i.keyctl)
    led_blink                                0x080035fd   Thumb Code     8  led.o(i.led_blink)
    led_get_state                            0x08003609   Thumb Code     6  led.o(i.led_get_state)
    led_init                                 0x08003615   Thumb Code    14  led.o(i.led_init)
    led_off                                  0x08003629   Thumb Code    10  led.o(i.led_off)
    led_on                                   0x08003639   Thumb Code    10  led.o(i.led_on)
    ledctl                                   0x08003649   Thumb Code    92  freertos_start.o(i.ledctl)
    log                                      0x080036a5   Thumb Code   808  log.o(i.log)
    main                                     0x08003a01   Thumb Code    44  main.o(i.main)
    pvPortMalloc                             0x08003d59   Thumb Code   146  heap_4.o(i.pvPortMalloc)
    pxPortInitialiseStack                    0x08003df1   Thumb Code    32  port.o(i.pxPortInitialiseStack)
    start_task                               0x08003e15   Thumb Code   104  freertos_start.o(i.start_task)
    sys_init                                 0x08003f09   Thumb Code    18  sys_init.o(i.sys_init)
    uxListRemove                             0x08003f1b   Thumb Code    38  list.o(i.uxListRemove)
    vListInitialise                          0x08003f41   Thumb Code    22  list.o(i.vListInitialise)
    vListInitialiseItem                      0x08003f57   Thumb Code     6  list.o(i.vListInitialiseItem)
    vListInsert                              0x08003f5d   Thumb Code    48  list.o(i.vListInsert)
    vListInsertEnd                           0x08003f8d   Thumb Code    24  list.o(i.vListInsertEnd)
    vPortEnterCritical                       0x08003fa5   Thumb Code    24  port.o(i.vPortEnterCritical)
    vPortExitCritical                        0x08003fc1   Thumb Code    16  port.o(i.vPortExitCritical)
    vPortFree                                0x08003fd5   Thumb Code    64  heap_4.o(i.vPortFree)
    vPortSetupTimerInterrupt                 0x08004019   Thumb Code    20  port.o(i.vPortSetupTimerInterrupt)
    vTaskDelay                               0x08004031   Thumb Code    44  tasks.o(i.vTaskDelay)
    vTaskDelete                              0x08004061   Thumb Code   144  tasks.o(i.vTaskDelete)
    vTaskStartScheduler                      0x080040fd   Thumb Code    64  tasks.o(i.vTaskStartScheduler)
    vTaskSuspendAll                          0x0800414d   Thumb Code    10  tasks.o(i.vTaskSuspendAll)
    vTaskSwitchContext                       0x0800415d   Thumb Code    60  tasks.o(i.vTaskSwitchContext)
    xPortStartScheduler                      0x080041a1   Thumb Code    38  port.o(i.xPortStartScheduler)
    xPortSysTickHandler                      0x080041d1   Thumb Code    38  port.o(i.xPortSysTickHandler)
    xTaskCreate                              0x080041fd   Thumb Code    92  tasks.o(i.xTaskCreate)
    xTaskDelayUntil                          0x08004259   Thumb Code    80  tasks.o(i.xTaskDelayUntil)
    xTaskGetSchedulerState                   0x080042b1   Thumb Code    22  tasks.o(i.xTaskGetSchedulerState)
    xTaskGetTickCount                        0x080042cd   Thumb Code     6  tasks.o(i.xTaskGetTickCount)
    xTaskIncrementTick                       0x080042d9   Thumb Code   282  tasks.o(i.xTaskIncrementTick)
    xTaskResumeAll                           0x080043fd   Thumb Code   266  tasks.o(i.xTaskResumeAll)
    AHBPrescTable                            0x08004538   Data          16  system_stm32f1xx.o(.constdata)
    APBPrescTable                            0x08004548   Data           8  system_stm32f1xx.o(.constdata)
    __mathlib_zero                           0x08004588   Data           8  qnan.o(.constdata)
    Region$$Table$$Base                      0x08004590   Number         0  anon$$obj.o(Region$$Table)
    Region$$Table$$Limit                     0x080045b0   Number         0  anon$$obj.o(Region$$Table)
    count                                    0x20000000   Data           1  main.o(.data)
    key_start                                0x20000004   Data           4  main.o(.data)
    uwTickFreq                               0x20000008   Data           1  stm32f1xx_hal.o(.data)
    uwTickPrio                               0x2000000c   Data           4  stm32f1xx_hal.o(.data)
    uwTick                                   0x20000010   Data           4  stm32f1xx_hal.o(.data)
    SystemCoreClock                          0x20000014   Data           4  system_stm32f1xx.o(.data)
    pxCurrentTCB                             0x20000018   Data           4  tasks.o(.data)
    uxTopUsedPriority                        0x20000048   Data           4  tasks.o(.data)
    key_mode_flag                            0x20000078   Data           1  key.o(.data)
    key_mode                                 0x20000079   Data           1  key.o(.data)
    start_task_handle                        0x2000007c   Data           4  freertos_start.o(.data)
    ledctl_handle                            0x20000080   Data           4  freertos_start.o(.data)
    keyctl_handle                            0x20000084   Data           4  freertos_start.o(.data)
    adc_handle                               0x20000088   Data           4  freertos_start.o(.data)
    isr_count                                0x2000008c   Data           1  adc_dection.o(.data)
    compltflag                               0x2000008d   Data           1  adc_dection.o(.data)
    adc_data                                 0x20000090   Data           8  adc_dection.o(.data)
    adc_data_float                           0x20000098   Data           8  adc_dection.o(.data)
    __stdout                                 0x200000a0   Data           4  stdout.o(.data)
    hadc1                                    0x200000a8   Data          48  adc.o(.bss)
    hdma_adc1                                0x200000d8   Data          68  adc.o(.bss)
    htim3                                    0x2000011c   Data          72  tim.o(.bss)
    huart1                                   0x20000164   Data          72  usart.o(.bss)
    htim4                                    0x200001ac   Data          72  stm32f1xx_hal_timebase_tim.o(.bss)
    __initial_sp                             0x20004ac0   Data           0  startup_stm32f103xb.o(STACK)



==============================================================================

Memory Map of the image

  Image Entry point : 0x080000ed

  Load Region LR_IROM1 (Base: 0x08000000, Size: 0x00004658, Max: 0x00020000, ABSOLUTE)

    Execution Region ER_IROM1 (Exec base: 0x08000000, Load base: 0x08000000, Size: 0x000045b0, Max: 0x00020000, ABSOLUTE)

    Exec Addr    Load Addr    Size         Type   Attr      Idx    E Section Name        Object

    0x08000000   0x08000000   0x000000ec   Data   RO            3    RESET               startup_stm32f103xb.o
    0x080000ec   0x080000ec   0x00000000   Code   RO         4297  * .ARM.Collect$$$$00000000  mc_w.l(entry.o)
    0x080000ec   0x080000ec   0x00000004   Code   RO         4604    .ARM.Collect$$$$00000001  mc_w.l(entry2.o)
    0x080000f0   0x080000f0   0x00000004   Code   RO         4607    .ARM.Collect$$$$00000004  mc_w.l(entry5.o)
    0x080000f4   0x080000f4   0x00000000   Code   RO         4609    .ARM.Collect$$$$00000008  mc_w.l(entry7b.o)
    0x080000f4   0x080000f4   0x00000000   Code   RO         4611    .ARM.Collect$$$$0000000A  mc_w.l(entry8b.o)
    0x080000f4   0x080000f4   0x00000008   Code   RO         4612    .ARM.Collect$$$$0000000B  mc_w.l(entry9a.o)
    0x080000fc   0x080000fc   0x00000000   Code   RO         4614    .ARM.Collect$$$$0000000D  mc_w.l(entry10a.o)
    0x080000fc   0x080000fc   0x00000000   Code   RO         4616    .ARM.Collect$$$$0000000F  mc_w.l(entry11a.o)
    0x080000fc   0x080000fc   0x00000004   Code   RO         4605    .ARM.Collect$$$$00002712  mc_w.l(entry2.o)
    0x08000100   0x08000100   0x00000096   Code   RO         3922    .emb_text           port.o
    0x08000196   0x08000196   0x00000002   PAD
    0x08000198   0x08000198   0x00000024   Code   RO            4    .text               startup_stm32f103xb.o
    0x080001bc   0x080001bc   0x00000020   Code   RO         4300    .text               mc_w.l(llushr.o)
    0x080001dc   0x080001dc   0x00000024   Code   RO         4304    .text               mc_w.l(memseta.o)
    0x08000200   0x08000200   0x000000b0   Code   RO         4569    .text               mf_w.l(fadd.o)
    0x080002b0   0x080002b0   0x0000007c   Code   RO         4571    .text               mf_w.l(fdiv.o)
    0x0800032c   0x0800032c   0x00000018   Code   RO         4573    .text               mf_w.l(fscalb.o)
    0x08000344   0x08000344   0x0000014e   Code   RO         4575    .text               mf_w.l(dadd.o)
    0x08000492   0x08000492   0x000000e4   Code   RO         4577    .text               mf_w.l(dmul.o)
    0x08000576   0x08000576   0x000000de   Code   RO         4579    .text               mf_w.l(ddiv.o)
    0x08000654   0x08000654   0x0000000a   Code   RO         4581    .text               mf_w.l(ffltui.o)
    0x0800065e   0x0800065e   0x00000026   Code   RO         4583    .text               mf_w.l(f2d.o)
    0x08000684   0x08000684   0x00000038   Code   RO         4585    .text               mf_w.l(d2f.o)
    0x080006bc   0x080006bc   0x0000002c   Code   RO         4619    .text               mc_w.l(uidiv.o)
    0x080006e8   0x080006e8   0x00000062   Code   RO         4621    .text               mc_w.l(uldiv.o)
    0x0800074a   0x0800074a   0x0000001e   Code   RO         4623    .text               mc_w.l(llshl.o)
    0x08000768   0x08000768   0x00000024   Code   RO         4625    .text               mc_w.l(llsshr.o)
    0x0800078c   0x0800078c   0x00000000   Code   RO         4634    .text               mc_w.l(iusefp.o)
    0x0800078c   0x0800078c   0x0000006e   Code   RO         4635    .text               mf_w.l(fepilogue.o)
    0x080007fa   0x080007fa   0x000000ba   Code   RO         4637    .text               mf_w.l(depilogue.o)
    0x080008b4   0x080008b4   0x0000002e   Code   RO         4639    .text               mf_w.l(dscalb.o)
    0x080008e2   0x080008e2   0x00000022   Code   RO         4641    .text               mf_w.l(dflti.o)
    0x08000904   0x08000904   0x00000030   Code   RO         4643    .text               mf_w.l(dfixul.o)
    0x08000934   0x08000934   0x00000030   Code   RO         4645    .text               mf_w.l(cdcmple.o)
    0x08000964   0x08000964   0x00000030   Code   RO         4647    .text               mf_w.l(cdrcmple.o)
    0x08000994   0x08000994   0x00000024   Code   RO         4649    .text               mc_w.l(init.o)
    0x080009b8   0x080009b8   0x0000000c   Code   RO          394    i.ADC1_2_IRQHandler  stm32f1xx_it.o
    0x080009c4   0x080009c4   0x00000056   Code   RO          587    i.ADC_ConversionStop_Disable  stm32f1xx_hal_adc.o
    0x08000a1a   0x08000a1a   0x0000004e   Code   RO          588    i.ADC_DMAConvCplt   stm32f1xx_hal_adc.o
    0x08000a68   0x08000a68   0x0000001a   Code   RO          589    i.ADC_DMAError      stm32f1xx_hal_adc.o
    0x08000a82   0x08000a82   0x0000000a   Code   RO          590    i.ADC_DMAHalfConvCplt  stm32f1xx_hal_adc.o
    0x08000a8c   0x08000a8c   0x0000007c   Code   RO          591    i.ADC_Enable        stm32f1xx_hal_adc.o
    0x08000b08   0x08000b08   0x00000002   Code   RO          395    i.BusFault_Handler  stm32f1xx_it.o
    0x08000b0a   0x08000b0a   0x00000002   PAD
    0x08000b0c   0x08000b0c   0x0000000c   Code   RO          396    i.DMA1_Channel1_IRQHandler  stm32f1xx_it.o
    0x08000b18   0x08000b18   0x0000002a   Code   RO         1243    i.DMA_SetConfig     stm32f1xx_hal_dma.o
    0x08000b42   0x08000b42   0x00000002   Code   RO          397    i.DebugMon_Handler  stm32f1xx_it.o
    0x08000b44   0x08000b44   0x00000006   Code   RO          398    i.EXTI4_IRQHandler  stm32f1xx_it.o
    0x08000b4a   0x08000b4a   0x00000004   Code   RO           13    i.Error_Handler     main.o
    0x08000b4e   0x08000b4e   0x00000002   PAD
    0x08000b50   0x08000b50   0x000000d8   Code   RO          767    i.HAL_ADCEx_Calibration_Start  stm32f1xx_hal_adc_ex.o
    0x08000c28   0x08000c28   0x00000002   Code   RO          769    i.HAL_ADCEx_InjectedConvCpltCallback  stm32f1xx_hal_adc_ex.o
    0x08000c2a   0x08000c2a   0x00000002   PAD
    0x08000c2c   0x08000c2c   0x000000fc   Code   RO          593    i.HAL_ADC_ConfigChannel  stm32f1xx_hal_adc.o
    0x08000d28   0x08000d28   0x00000128   Code   RO         4233    i.HAL_ADC_ConvCpltCallback  adc_dection.o
    0x08000e50   0x08000e50   0x00000002   Code   RO          595    i.HAL_ADC_ConvHalfCpltCallback  stm32f1xx_hal_adc.o
    0x08000e52   0x08000e52   0x00000002   Code   RO          597    i.HAL_ADC_ErrorCallback  stm32f1xx_hal_adc.o
    0x08000e54   0x08000e54   0x000000dc   Code   RO          601    i.HAL_ADC_IRQHandler  stm32f1xx_hal_adc.o
    0x08000f30   0x08000f30   0x0000011c   Code   RO          602    i.HAL_ADC_Init      stm32f1xx_hal_adc.o
    0x0800104c   0x0800104c   0x00000002   Code   RO          603    i.HAL_ADC_LevelOutOfWindowCallback  stm32f1xx_hal_adc.o
    0x0800104e   0x0800104e   0x00000002   PAD
    0x08001050   0x08001050   0x0000009c   Code   RO          245    i.HAL_ADC_MspInit   adc.o
    0x080010ec   0x080010ec   0x0000010c   Code   RO          609    i.HAL_ADC_Start_DMA  stm32f1xx_hal_adc.o
    0x080011f8   0x080011f8   0x00000056   Code   RO          612    i.HAL_ADC_Stop_DMA  stm32f1xx_hal_adc.o
    0x0800124e   0x0800124e   0x00000046   Code   RO         1244    i.HAL_DMA_Abort     stm32f1xx_hal_dma.o
    0x08001294   0x08001294   0x00000154   Code   RO         1249    i.HAL_DMA_IRQHandler  stm32f1xx_hal_dma.o
    0x080013e8   0x080013e8   0x0000005c   Code   RO         1250    i.HAL_DMA_Init      stm32f1xx_hal_dma.o
    0x08001444   0x08001444   0x00000070   Code   RO         1254    i.HAL_DMA_Start_IT  stm32f1xx_hal_dma.o
    0x080014b4   0x080014b4   0x00000030   Code   RO         4057    i.HAL_GPIO_EXTI_Callback  key.o
    0x080014e4   0x080014e4   0x00000018   Code   RO         1179    i.HAL_GPIO_EXTI_IRQHandler  stm32f1xx_hal_gpio.o
    0x080014fc   0x080014fc   0x000001e0   Code   RO         1180    i.HAL_GPIO_Init     stm32f1xx_hal_gpio.o
    0x080016dc   0x080016dc   0x0000000a   Code   RO         1182    i.HAL_GPIO_ReadPin  stm32f1xx_hal_gpio.o
    0x080016e6   0x080016e6   0x00000010   Code   RO         1183    i.HAL_GPIO_TogglePin  stm32f1xx_hal_gpio.o
    0x080016f6   0x080016f6   0x0000000a   Code   RO         1184    i.HAL_GPIO_WritePin  stm32f1xx_hal_gpio.o
    0x08001700   0x08001700   0x0000000c   Code   RO          874    i.HAL_GetTick       stm32f1xx_hal.o
    0x0800170c   0x0800170c   0x00000010   Code   RO          880    i.HAL_IncTick       stm32f1xx_hal.o
    0x0800171c   0x0800171c   0x00000024   Code   RO          881    i.HAL_Init          stm32f1xx_hal.o
    0x08001740   0x08001740   0x00000074   Code   RO          512    i.HAL_InitTick      stm32f1xx_hal_timebase_tim.o
    0x080017b4   0x080017b4   0x0000003c   Code   RO          488    i.HAL_MspInit       stm32f1xx_hal_msp.o
    0x080017f0   0x080017f0   0x0000001a   Code   RO         1340    i.HAL_NVIC_EnableIRQ  stm32f1xx_hal_cortex.o
    0x0800180a   0x0800180a   0x00000002   PAD
    0x0800180c   0x0800180c   0x00000040   Code   RO         1346    i.HAL_NVIC_SetPriority  stm32f1xx_hal_cortex.o
    0x0800184c   0x0800184c   0x00000024   Code   RO         1347    i.HAL_NVIC_SetPriorityGrouping  stm32f1xx_hal_cortex.o
    0x08001870   0x08001870   0x000000a4   Code   RO         1141    i.HAL_RCCEx_GetPeriphCLKFreq  stm32f1xx_hal_rcc_ex.o
    0x08001914   0x08001914   0x000000ec   Code   RO         1142    i.HAL_RCCEx_PeriphCLKConfig  stm32f1xx_hal_rcc_ex.o
    0x08001a00   0x08001a00   0x0000012c   Code   RO         1038    i.HAL_RCC_ClockConfig  stm32f1xx_hal_rcc.o
    0x08001b2c   0x08001b2c   0x00000040   Code   RO         1042    i.HAL_RCC_GetClockConfig  stm32f1xx_hal_rcc.o
    0x08001b6c   0x08001b6c   0x00000020   Code   RO         1045    i.HAL_RCC_GetPCLK1Freq  stm32f1xx_hal_rcc.o
    0x08001b8c   0x08001b8c   0x00000020   Code   RO         1046    i.HAL_RCC_GetPCLK2Freq  stm32f1xx_hal_rcc.o
    0x08001bac   0x08001bac   0x0000004c   Code   RO         1047    i.HAL_RCC_GetSysClockFreq  stm32f1xx_hal_rcc.o
    0x08001bf8   0x08001bf8   0x00000320   Code   RO         1050    i.HAL_RCC_OscConfig  stm32f1xx_hal_rcc.o
    0x08001f18   0x08001f18   0x00000002   Code   RO         2546    i.HAL_TIMEx_BreakCallback  stm32f1xx_hal_tim_ex.o
    0x08001f1a   0x08001f1a   0x00000002   Code   RO         2547    i.HAL_TIMEx_CommutCallback  stm32f1xx_hal_tim_ex.o
    0x08001f1c   0x08001f1c   0x00000068   Code   RO         2565    i.HAL_TIMEx_MasterConfigSynchronization  stm32f1xx_hal_tim_ex.o
    0x08001f84   0x08001f84   0x0000005a   Code   RO         1842    i.HAL_TIM_Base_Init  stm32f1xx_hal_tim.o
    0x08001fde   0x08001fde   0x00000002   PAD
    0x08001fe0   0x08001fe0   0x0000003c   Code   RO          311    i.HAL_TIM_Base_MspInit  tim.o
    0x0800201c   0x0800201c   0x00000058   Code   RO         1847    i.HAL_TIM_Base_Start_IT  stm32f1xx_hal_tim.o
    0x08002074   0x08002074   0x00000030   Code   RO         1850    i.HAL_TIM_Base_Stop_IT  stm32f1xx_hal_tim.o
    0x080020a4   0x080020a4   0x000000dc   Code   RO         1851    i.HAL_TIM_ConfigClockSource  stm32f1xx_hal_tim.o
    0x08002180   0x08002180   0x00000002   Code   RO         1876    i.HAL_TIM_IC_CaptureCallback  stm32f1xx_hal_tim.o
    0x08002182   0x08002182   0x00000130   Code   RO         1890    i.HAL_TIM_IRQHandler  stm32f1xx_hal_tim.o
    0x080022b2   0x080022b2   0x00000002   Code   RO         1893    i.HAL_TIM_OC_DelayElapsedCallback  stm32f1xx_hal_tim.o
    0x080022b4   0x080022b4   0x00000002   Code   RO         1920    i.HAL_TIM_PWM_PulseFinishedCallback  stm32f1xx_hal_tim.o
    0x080022b6   0x080022b6   0x00000002   PAD
    0x080022b8   0x080022b8   0x00000100   Code   RO           14    i.HAL_TIM_PeriodElapsedCallback  main.o
    0x080023b8   0x080023b8   0x00000002   Code   RO         1933    i.HAL_TIM_TriggerCallback  stm32f1xx_hal_tim.o
    0x080023ba   0x080023ba   0x00000064   Code   RO         2843    i.HAL_UART_Init     stm32f1xx_hal_uart.o
    0x0800241e   0x0800241e   0x00000002   PAD
    0x08002420   0x08002420   0x00000070   Code   RO          353    i.HAL_UART_MspInit  usart.o
    0x08002490   0x08002490   0x000000a0   Code   RO         2851    i.HAL_UART_Transmit  stm32f1xx_hal_uart.o
    0x08002530   0x08002530   0x00000002   Code   RO          399    i.HardFault_Handler  stm32f1xx_it.o
    0x08002532   0x08002532   0x00000002   PAD
    0x08002534   0x08002534   0x00000064   Code   RO          246    i.MX_ADC1_Init      adc.o
    0x08002598   0x08002598   0x0000002c   Code   RO          286    i.MX_DMA_Init       dma.o
    0x080025c4   0x080025c4   0x00000098   Code   RO          220    i.MX_GPIO_Init      gpio.o
    0x0800265c   0x0800265c   0x00000068   Code   RO          312    i.MX_TIM3_Init      tim.o
    0x080026c4   0x080026c4   0x00000038   Code   RO          354    i.MX_USART1_UART_Init  usart.o
    0x080026fc   0x080026fc   0x00000002   Code   RO          400    i.MemManage_Handler  stm32f1xx_it.o
    0x080026fe   0x080026fe   0x00000002   Code   RO          401    i.NMI_Handler       stm32f1xx_it.o
    0x08002700   0x08002700   0x00000014   Code   RO          402    i.SysTick_Handler   stm32f1xx_it.o
    0x08002714   0x08002714   0x00000078   Code   RO           15    i.SystemClock_Config  main.o
    0x0800278c   0x0800278c   0x00000002   Code   RO         3177    i.SystemInit        system_stm32f1xx.o
    0x0800278e   0x0800278e   0x00000002   PAD
    0x08002790   0x08002790   0x0000000c   Code   RO          403    i.TIM3_IRQHandler   stm32f1xx_it.o
    0x0800279c   0x0800279c   0x0000000c   Code   RO          404    i.TIM4_IRQHandler   stm32f1xx_it.o
    0x080027a8   0x080027a8   0x00000078   Code   RO         1935    i.TIM_Base_SetConfig  stm32f1xx_hal_tim.o
    0x08002820   0x08002820   0x00000014   Code   RO         1946    i.TIM_ETR_SetConfig  stm32f1xx_hal_tim.o
    0x08002834   0x08002834   0x00000010   Code   RO         1947    i.TIM_ITRx_SetConfig  stm32f1xx_hal_tim.o
    0x08002844   0x08002844   0x00000022   Code   RO         1953    i.TIM_TI1_ConfigInputStage  stm32f1xx_hal_tim.o
    0x08002866   0x08002866   0x00000024   Code   RO         1955    i.TIM_TI2_ConfigInputStage  stm32f1xx_hal_tim.o
    0x0800288a   0x0800288a   0x0000004e   Code   RO         2866    i.UART_EndRxTransfer  stm32f1xx_hal_uart.o
    0x080028d8   0x080028d8   0x000000b8   Code   RO         2869    i.UART_SetConfig    stm32f1xx_hal_uart.o
    0x08002990   0x08002990   0x00000072   Code   RO         2872    i.UART_WaitOnFlagUntilTimeout  stm32f1xx_hal_uart.o
    0x08002a02   0x08002a02   0x00000002   Code   RO          405    i.UsageFault_Handler  stm32f1xx_it.o
    0x08002a04   0x08002a04   0x00000020   Code   RO         4541    i.__0printf         mc_w.l(printfa.o)
    0x08002a24   0x08002a24   0x00000020   Code   RO         1353    i.__NVIC_SetPriority  stm32f1xx_hal_cortex.o
    0x08002a44   0x08002a44   0x000000aa   Code   RO         4601    i.__kernel_poly     m_ws.l(poly.o)
    0x08002aee   0x08002aee   0x00000002   PAD
    0x08002af0   0x08002af0   0x00000010   Code   RO         4587    i.__mathlib_dbl_divzero  m_ws.l(dunder.o)
    0x08002b00   0x08002b00   0x00000006   Code   RO         4588    i.__mathlib_dbl_infnan  m_ws.l(dunder.o)
    0x08002b06   0x08002b06   0x0000000c   Code   RO         4590    i.__mathlib_dbl_invalid  m_ws.l(dunder.o)
    0x08002b12   0x08002b12   0x0000000e   Code   RO         4653    i.__scatterload_copy  mc_w.l(handlers.o)
    0x08002b20   0x08002b20   0x00000002   Code   RO         4654    i.__scatterload_null  mc_w.l(handlers.o)
    0x08002b22   0x08002b22   0x0000000e   Code   RO         4655    i.__scatterload_zeroinit  mc_w.l(handlers.o)
    0x08002b30   0x08002b30   0x0000000c   Code   RO         4629    i.__set_errno       mc_w.l(errno.o)
    0x08002b3c   0x08002b3c   0x00000184   Code   RO         4548    i._fp_digits        mc_w.l(printfa.o)
    0x08002cc0   0x08002cc0   0x000006dc   Code   RO         4549    i._printf_core      mc_w.l(printfa.o)
    0x0800339c   0x0800339c   0x00000024   Code   RO         4550    i._printf_post_padding  mc_w.l(printfa.o)
    0x080033c0   0x080033c0   0x0000002e   Code   RO         4551    i._printf_pre_padding  mc_w.l(printfa.o)
    0x080033ee   0x080033ee   0x00000002   PAD
    0x080033f0   0x080033f0   0x0000008c   Code   RO         4152    i.adc               freertos_start.o
    0x0800347c   0x0800347c   0x00000014   Code   RO         4234    i.adc_get_data      adc_dection.o
    0x08003490   0x08003490   0x0000000c   Code   RO         4235    i.adc_init          adc_dection.o
    0x0800349c   0x0800349c   0x00000020   Code   RO         4236    i.adc_start         adc_dection.o
    0x080034bc   0x080034bc   0x00000060   Code   RO         4237    i.em_temp_calculate  adc_dection.o
    0x0800351c   0x0800351c   0x00000018   Code   RO         4153    i.fputc             freertos_start.o
    0x08003534   0x08003534   0x00000090   Code   RO         4154    i.freertos_start    freertos_start.o
    0x080035c4   0x080035c4   0x0000000c   Code   RO         4058    i.key_get_mode      key.o
    0x080035d0   0x080035d0   0x0000000c   Code   RO         4059    i.key_init          key.o
    0x080035dc   0x080035dc   0x0000001e   Code   RO         4155    i.keyctl            freertos_start.o
    0x080035fa   0x080035fa   0x00000002   PAD
    0x080035fc   0x080035fc   0x0000000c   Code   RO         4096    i.led_blink         led.o
    0x08003608   0x08003608   0x0000000c   Code   RO         4097    i.led_get_state     led.o
    0x08003614   0x08003614   0x00000014   Code   RO         4098    i.led_init          led.o
    0x08003628   0x08003628   0x00000010   Code   RO         4099    i.led_off           led.o
    0x08003638   0x08003638   0x00000010   Code   RO         4100    i.led_on            led.o
    0x08003648   0x08003648   0x0000005c   Code   RO         4156    i.ledctl            freertos_start.o
    0x080036a4   0x080036a4   0x0000035c   Code   RO         4288    i.log               m_ws.l(log.o)
    0x08003a00   0x08003a00   0x00000040   Code   RO           16    i.main              main.o
    0x08003a40   0x08003a40   0x00000088   Code   RO         3621    i.prvAddCurrentTaskToDelayedList  tasks.o
    0x08003ac8   0x08003ac8   0x000000f0   Code   RO         3622    i.prvAddNewTaskToReadyList  tasks.o
    0x08003bb8   0x08003bb8   0x00000014   Code   RO         3623    i.prvDeleteTCB      tasks.o
    0x08003bcc   0x08003bcc   0x00000044   Code   RO         3993    i.prvHeapInit       heap_4.o
    0x08003c10   0x08003c10   0x00000060   Code   RO         3624    i.prvIdleTask       tasks.o
    0x08003c70   0x08003c70   0x00000070   Code   RO         3625    i.prvInitialiseNewTask  tasks.o
    0x08003ce0   0x08003ce0   0x0000004c   Code   RO         3994    i.prvInsertBlockIntoFreeList  heap_4.o
    0x08003d2c   0x08003d2c   0x0000001c   Code   RO         3626    i.prvResetNextTaskUnblockTime  tasks.o
    0x08003d48   0x08003d48   0x00000010   Code   RO         3923    i.prvTaskExitError  port.o
    0x08003d58   0x08003d58   0x00000098   Code   RO         3996    i.pvPortMalloc      heap_4.o
    0x08003df0   0x08003df0   0x00000024   Code   RO         3924    i.pxPortInitialiseStack  port.o
    0x08003e14   0x08003e14   0x000000f4   Code   RO         4157    i.start_task        freertos_start.o
    0x08003f08   0x08003f08   0x00000012   Code   RO         4209    i.sys_init          sys_init.o
    0x08003f1a   0x08003f1a   0x00000026   Code   RO         3312    i.uxListRemove      list.o
    0x08003f40   0x08003f40   0x00000016   Code   RO         3313    i.vListInitialise   list.o
    0x08003f56   0x08003f56   0x00000006   Code   RO         3314    i.vListInitialiseItem  list.o
    0x08003f5c   0x08003f5c   0x00000030   Code   RO         3315    i.vListInsert       list.o
    0x08003f8c   0x08003f8c   0x00000018   Code   RO         3316    i.vListInsertEnd    list.o
    0x08003fa4   0x08003fa4   0x0000001c   Code   RO         3926    i.vPortEnterCritical  port.o
    0x08003fc0   0x08003fc0   0x00000014   Code   RO         3927    i.vPortExitCritical  port.o
    0x08003fd4   0x08003fd4   0x00000044   Code   RO         3997    i.vPortFree         heap_4.o
    0x08004018   0x08004018   0x00000018   Code   RO         3928    i.vPortSetupTimerInterrupt  port.o
    0x08004030   0x08004030   0x00000030   Code   RO         3634    i.vTaskDelay        tasks.o
    0x08004060   0x08004060   0x0000009c   Code   RO         3635    i.vTaskDelete       tasks.o
    0x080040fc   0x080040fc   0x00000050   Code   RO         3646    i.vTaskStartScheduler  tasks.o
    0x0800414c   0x0800414c   0x00000010   Code   RO         3648    i.vTaskSuspendAll   tasks.o
    0x0800415c   0x0800415c   0x00000044   Code   RO         3649    i.vTaskSwitchContext  tasks.o
    0x080041a0   0x080041a0   0x00000030   Code   RO         3929    i.xPortStartScheduler  port.o
    0x080041d0   0x080041d0   0x0000002c   Code   RO         3930    i.xPortSysTickHandler  port.o
    0x080041fc   0x080041fc   0x0000005c   Code   RO         3652    i.xTaskCreate       tasks.o
    0x08004258   0x08004258   0x00000058   Code   RO         3653    i.xTaskDelayUntil   tasks.o
    0x080042b0   0x080042b0   0x0000001c   Code   RO         3659    i.xTaskGetSchedulerState  tasks.o
    0x080042cc   0x080042cc   0x0000000c   Code   RO         3660    i.xTaskGetTickCount  tasks.o
    0x080042d8   0x080042d8   0x00000124   Code   RO         3662    i.xTaskIncrementTick  tasks.o
    0x080043fc   0x080043fc   0x00000118   Code   RO         3664    i.xTaskResumeAll    tasks.o
    0x08004514   0x08004514   0x00000012   Data   RO         1051    .constdata          stm32f1xx_hal_rcc.o
    0x08004526   0x08004526   0x00000012   Data   RO         1143    .constdata          stm32f1xx_hal_rcc_ex.o
    0x08004538   0x08004538   0x00000010   Data   RO         3178    .constdata          system_stm32f1xx.o
    0x08004548   0x08004548   0x00000008   Data   RO         3179    .constdata          system_stm32f1xx.o
    0x08004550   0x08004550   0x00000038   Data   RO         4289    .constdata          m_ws.l(log.o)
    0x08004588   0x08004588   0x00000008   Data   RO         4603    .constdata          m_ws.l(qnan.o)
    0x08004590   0x08004590   0x00000020   Data   RO         4651    Region$$Table       anon$$obj.o


    Execution Region RW_IRAM1 (Exec base: 0x20000000, Load base: 0x080045b0, Size: 0x00004ac0, Max: 0x00005000, ABSOLUTE)

    Exec Addr    Load Addr    Size         Type   Attr      Idx    E Section Name        Object

    0x20000000   0x080045b0   0x00000008   Data   RW           17    .data               main.o
    0x20000008   0x080045b8   0x0000000c   Data   RW          888    .data               stm32f1xx_hal.o
    0x20000014   0x080045c4   0x00000004   Data   RW         3180    .data               system_stm32f1xx.o
    0x20000018   0x080045c8   0x00000040   Data   RW         3667    .data               tasks.o
    0x20000058   0x08004608   0x00000004   Data   RW         3931    .data               port.o
    0x2000005c   0x0800460c   0x0000001c   Data   RW         4003    .data               heap_4.o
    0x20000078   0x08004628   0x00000002   Data   RW         4060    .data               key.o
    0x2000007a   0x0800462a   0x00000001   Data   RW         4102    .data               led.o
    0x2000007b   0x0800462b   0x00000001   PAD
    0x2000007c   0x0800462c   0x00000010   Data   RW         4158    .data               freertos_start.o
    0x2000008c   0x0800463c   0x00000014   Data   RW         4238    .data               adc_dection.o
    0x200000a0   0x08004650   0x00000004   Data   RW         4618    .data               mc_w.l(stdout.o)
    0x200000a4   0x08004654   0x00000004   Data   RW         4630    .data               mc_w.l(errno.o)
    0x200000a8        -       0x00000074   Zero   RW          247    .bss                adc.o
    0x2000011c        -       0x00000048   Zero   RW          313    .bss                tim.o
    0x20000164        -       0x00000048   Zero   RW          355    .bss                usart.o
    0x200001ac        -       0x00000048   Zero   RW          515    .bss                stm32f1xx_hal_timebase_tim.o
    0x200001f4        -       0x000000c8   Zero   RW         3666    .bss                tasks.o
    0x200002bc        -       0x00004400   Zero   RW         4002    .bss                heap_4.o
    0x200046bc   0x08004658   0x00000004   PAD
    0x200046c0        -       0x00000400   Zero   RW            1    STACK               startup_stm32f103xb.o


==============================================================================

Image component sizes


      Code (inc. data)   RO Data    RW Data    ZI Data      Debug   Object Name

       256         28          0          0        116       1755   adc.o
       456         82          0         20          0       3192   adc_dection.o
        44          4          0          0          0        750   dma.o
         0          0          0          0          0       2544   event_groups.o
       674        286          0         16          0       3661   freertos_start.o
       152         18          0          0          0        923   gpio.o
       364         22          0         28      17408       4699   heap_4.o
        72         24          0          2          0       1644   key.o
        76         28          0          1          0       2494   led.o
       138          0          0          0          0       3234   list.o
       444        106          0          8          0     466209   main.o
       366         44          0          4          0       9144   port.o
        36          8        236          0       1024        800   startup_stm32f103xb.o
        64         14          0         12          0       4622   stm32f1xx_hal.o
      1440         56          0          0          0      10110   stm32f1xx_hal_adc.o
       218          6          0          0          0       1971   stm32f1xx_hal_adc_ex.o
       158         14          0          0          0      28182   stm32f1xx_hal_cortex.o
       656         32          0          0          0       4247   stm32f1xx_hal_dma.o
       540         40          0          0          0       4703   stm32f1xx_hal_gpio.o
        60          8          0          0          0        866   stm32f1xx_hal_msp.o
      1304         94         18          0          0       5713   stm32f1xx_hal_rcc.o
       400         28         18          0          0       2461   stm32f1xx_hal_rcc_ex.o
       984         24          0          0          0      10384   stm32f1xx_hal_tim.o
       108         12          0          0          0       2389   stm32f1xx_hal_tim_ex.o
       116         16          0          0         72       1411   stm32f1xx_hal_timebase_tim.o
       636          6          0          0          0       4624   stm32f1xx_hal_uart.o
        86         24          0          0          0       5229   stm32f1xx_it.o
        18          0          0          0          0        451   sys_init.o
         2          0         24          4          0       1107   system_stm32f1xx.o
      1792        130          0         64        200      28165   tasks.o
       164         18          0          0         72       1650   tim.o
       168         20          0          0         72       1662   usart.o

    ----------------------------------------------------------------------
     12016       1192        328        160      18968     620996   Object Totals
         0          0         32          0          0          0   (incl. Generated)
        24          0          0          1          4          0   (incl. Padding)

    ----------------------------------------------------------------------

      Code (inc. data)   RO Data    RW Data    ZI Data      Debug   Library Member Name

        34          4          0          0          0        204   dunder.o
       860         52         56          0          0        256   log.o
       170          0          0          0          0         96   poly.o
         0          0          8          0          0          0   qnan.o
         0          0          0          0          0          0   entry.o
         0          0          0          0          0          0   entry10a.o
         0          0          0          0          0          0   entry11a.o
         8          4          0          0          0          0   entry2.o
         4          0          0          0          0          0   entry5.o
         0          0          0          0          0          0   entry7b.o
         0          0          0          0          0          0   entry8b.o
         8          4          0          0          0          0   entry9a.o
        12          6          0          4          0         68   errno.o
        30          0          0          0          0          0   handlers.o
        36          8          0          0          0         68   init.o
         0          0          0          0          0          0   iusefp.o
        30          0          0          0          0         68   llshl.o
        36          0          0          0          0         68   llsshr.o
        32          0          0          0          0         68   llushr.o
        36          0          0          0          0        108   memseta.o
      2258         90          0          0          0        452   printfa.o
         0          0          0          4          0          0   stdout.o
        44          0          0          0          0         80   uidiv.o
        98          0          0          0          0         92   uldiv.o
        48          0          0          0          0         68   cdcmple.o
        48          0          0          0          0         68   cdrcmple.o
        56          0          0          0          0         88   d2f.o
       334          0          0          0          0        148   dadd.o
       222          0          0          0          0        100   ddiv.o
       186          0          0          0          0        176   depilogue.o
        48          0          0          0          0         68   dfixul.o
        34          0          0          0          0         76   dflti.o
       228          0          0          0          0         96   dmul.o
        46          0          0          0          0         80   dscalb.o
        38          0          0          0          0         68   f2d.o
       176          0          0          0          0        140   fadd.o
       124          0          0          0          0         88   fdiv.o
       110          0          0          0          0        168   fepilogue.o
        10          0          0          0          0         68   ffltui.o
        24          0          0          0          0         68   fscalb.o

    ----------------------------------------------------------------------
      5432        168         64          8          0       3196   Library Totals
         4          0          0          0          0          0   (incl. Padding)

    ----------------------------------------------------------------------

      Code (inc. data)   RO Data    RW Data    ZI Data      Debug   Library Name

      1064         56         64          0          0        556   m_ws.l
      2632        112          0          8          0       1072   mc_w.l
      1732          0          0          0          0       1568   mf_w.l

    ----------------------------------------------------------------------
      5432        168         64          8          0       3196   Library Totals

    ----------------------------------------------------------------------

==============================================================================


      Code (inc. data)   RO Data    RW Data    ZI Data      Debug   

     17448       1360        392        168      18968     615452   Grand Totals
     17448       1360        392        168      18968     615452   ELF Image Totals
     17448       1360        392        168          0          0   ROM Totals

==============================================================================

    Total RO  Size (Code + RO Data)                17840 (  17.42kB)
    Total RW  Size (RW Data + ZI Data)             19136 (  18.69kB)
    Total ROM Size (Code + RO Data + RW Data)      18008 (  17.59kB)

==============================================================================

